[02/Jul/2026 23:57:42] "POST /api/auth/jwt/create/ HTTP/1.1" 200 536
[02/Jul/2026 23:57:42] "GET /api/admin/users/ HTTP/1.1" 200 3203
D:\KnowledgeVault\Project\DeshiCart\.venv\Lib\site-packages\rest_framework\pagination.py:198: UnorderedObjectListWarning: Pagination may yield inconsistent results with an unordered object_list: <class 'order.models.Order'> QuerySet.
  paginator = self.django_paginator_class(queryset, page_size)
[02/Jul/2026 23:57:42] "GET /api/admin/orders/ HTTP/1.1" 200 474
[02/Jul/2026 23:57:42] "GET /api/admin/products/ HTTP/1.1" 200 14595
D:\KnowledgeVault\Project\DeshiCart\.venv\Lib\site-packages\rest_framework\pagination.py:198: UnorderedObjectListWarning: Pagination may yield inconsistent results with an unordered object_list: <class 'product.models.Category'> QuerySet.
  paginator = self.django_paginator_class(queryset, page_size)
[02/Jul/2026 23:57:42] "GET /api/categories/ HTTP/1.1" 200 2327
[02/Jul/2026 23:57:42] "GET /api/admin/overview/ HTTP/1.1" 200 4653
[02/Jul/2026 23:57:42] "GET /api/admin/finance/summary/ HTTP/1.1" 200 246
[02/Jul/2026 23:57:42] "GET /api/admin/transactions/ HTTP/1.1" 200 101
[02/Jul/2026 23:57:42] "GET /api/admin/sales/ HTTP/1.1" 200 257
[02/Jul/2026 23:57:42] "GET /api/admin/customers/ HTTP/1.1" 200 130
[02/Jul/2026 23:57:42] "GET /api/admin/top-products/ HTTP/1.1" 200 127
[02/Jul/2026 23:57:42] "GET /api/admin/payments/ HTTP/1.1" 200 108
[02/Jul/2026 23:57:50] "POST /api/auth/jwt/create/ HTTP/1.1" 200 536
[02/Jul/2026 23:57:50] "GET /api/admin/overview/ HTTP/1.1" 200 4653
[02/Jul/2026 23:57:50] "GET /api/admin/finance/summary/ HTTP/1.1" 200 246
[02/Jul/2026 23:57:50] "GET /api/admin/sales/?days=30 HTTP/1.1" 200 257
[02/Jul/2026 23:57:50] "GET /api/admin/top-products/?days=30&limit=5 HTTP/1.1" 200 127
Not Found: /api/carts/
[03/Jul/2026 00:06:27] "GET /api/carts/ HTTP/1.1" 404 68699
Not Found: /api/carts/
[03/Jul/2026 00:06:27] "GET /api/carts/ HTTP/1.1" 404 68699
Not Found: /api/carts/
[03/Jul/2026 00:06:27] "GET /api/carts/ HTTP/1.1" 404 68699
Not Found: /api/carts/
[03/Jul/2026 00:06:35] "GET /api/carts/ HTTP/1.1" 404 68699
D:\KnowledgeVault\Project\DeshiCart\.venv\Lib\site-packages\rest_framework\pagination.py:198: UnorderedObjectListWarning: Pagination may yield inconsistent results with an unordered object_list: <class 'users.models.User'> QuerySet.
  paginator = self.django_paginator_class(queryset, page_size)
Not Found: /api/orders/
[03/Jul/2026 00:06:35] "GET /api/orders/ HTTP/1.1" 404 68703
[03/Jul/2026 00:06:35] "GET /api/auth/users/ HTTP/1.1" 200 3203
Not Found: /api/orders/
[03/Jul/2026 00:06:35] "GET /api/orders/ HTTP/1.1" 404 68704
[03/Jul/2026 00:06:35] "GET /api/products/ HTTP/1.1" 200 14807
[03/Jul/2026 00:06:35] "GET /api/auth/users/ HTTP/1.1" 200 3203
[03/Jul/2026 00:06:35] "GET /api/products/ HTTP/1.1" 200 14807
Not Found: /api/carts/
[03/Jul/2026 00:06:42] "GET /api/carts/ HTTP/1.1" 404 68699
Not Found: /api/carts/
Not Found: /api/api/categories/
[03/Jul/2026 00:06:47] "GET /api/carts/ HTTP/1.1" 404 68700
[03/Jul/2026 00:06:47] "GET /api/api/categories/ HTTP/1.1" 404 68736
Not Found: /api/api/categories/
[03/Jul/2026 00:06:47] "GET /api/api/categories/ HTTP/1.1" 404 68735
Not Found: /api/orders/
Not Found: /api/carts/
[03/Jul/2026 00:06:49] "GET /api/orders/?page=1 HTTP/1.1" 404 68718
[03/Jul/2026 00:06:49] "GET /api/carts/ HTTP/1.1" 404 68700
Not Found: /api/orders/
[03/Jul/2026 00:06:49] "GET /api/orders/?page=1 HTTP/1.1" 404 68717
Not Found: /api/carts/
Not Found: /api/api/auth/users/
[03/Jul/2026 00:06:51] "GET /api/carts/ HTTP/1.1" 404 68700
[03/Jul/2026 00:06:51] "GET /api/api/auth/users/ HTTP/1.1" 404 68736
Not Found: /api/api/auth/users/
[03/Jul/2026 00:06:51] "GET /api/api/auth/users/ HTTP/1.1" 404 68735
Not Found: /api/api/auth/users/
Not Found: /api/carts/
[03/Jul/2026 00:06:53] "GET /api/api/auth/users/?is_staff=true HTTP/1.1" 404 68763
[03/Jul/2026 00:06:53] "GET /api/carts/ HTTP/1.1" 404 68700
Not Found: /api/api/auth/users/
[03/Jul/2026 00:06:53] "GET /api/api/auth/users/?is_staff=true HTTP/1.1" 404 68763
Not Found: /api/carts/
Not Found: /api/api/coupons/
[03/Jul/2026 00:06:55] "GET /api/carts/ HTTP/1.1" 404 68699
[03/Jul/2026 00:06:55] "GET /api/api/coupons/ HTTP/1.1" 404 68724
Not Found: /api/api/coupons/
[03/Jul/2026 00:06:55] "GET /api/api/coupons/ HTTP/1.1" 404 68723
Not Found: /api/carts/
Not Found: /api/api/finance/transactions/
Not Found: /api/api/finance/summary/
[03/Jul/2026 00:07:01] "GET /api/api/finance/transactions/ HTTP/1.1" 404 68776
[03/Jul/2026 00:07:01] "GET /api/carts/ HTTP/1.1" 404 68700
[03/Jul/2026 00:07:01] "GET /api/api/finance/summary/ HTTP/1.1" 404 68756
Not Found: /api/api/finance/transactions/
Not Found: /api/api/finance/summary/
[03/Jul/2026 00:07:01] "GET /api/api/finance/transactions/ HTTP/1.1" 404 68775
[03/Jul/2026 00:07:01] "GET /api/api/finance/summary/ HTTP/1.1" 404 68755
Not Found: /api/api/returns/
Not Found: /api/carts/
[03/Jul/2026 00:07:03] "GET /api/api/returns/ HTTP/1.1" 404 68724
[03/Jul/2026 00:07:03] "GET /api/carts/ HTTP/1.1" 404 68700
Not Found: /api/api/returns/
[03/Jul/2026 00:07:03] "GET /api/api/returns/ HTTP/1.1" 404 68723
Not Found: /api/api/notifications/
Not Found: /api/carts/
[03/Jul/2026 00:07:05] "GET /api/api/notifications/ HTTP/1.1" 404 68748
[03/Jul/2026 00:07:05] "GET /api/carts/ HTTP/1.1" 404 68700
Not Found: /api/api/notifications/
[03/Jul/2026 00:07:06] "GET /api/api/notifications/ HTTP/1.1" 404 68747
Not Found: /api/carts/
[03/Jul/2026 00:07:08] "GET /api/carts/ HTTP/1.1" 404 68699
Not Found: /api/carts/
Not Found: /api/api/cms/pages/
[03/Jul/2026 00:07:10] "GET /api/carts/ HTTP/1.1" 404 68699
[03/Jul/2026 00:07:10] "GET /api/api/cms/pages/ HTTP/1.1" 404 68732
Not Found: /api/api/cms/pages/
[03/Jul/2026 00:07:10] "GET /api/api/cms/pages/ HTTP/1.1" 404 68731
Not Found: /api/api/shipping/methods/
Not Found: /api/carts/
[03/Jul/2026 00:07:12] "GET /api/api/shipping/methods/ HTTP/1.1" 404 68760
[03/Jul/2026 00:07:12] "GET /api/carts/ HTTP/1.1" 404 68700
Not Found: /api/api/shipping/methods/
[03/Jul/2026 00:07:12] "GET /api/api/shipping/methods/ HTTP/1.1" 404 68759
Not Found: /api/carts/
Not Found: /api/api/wishlists/
[03/Jul/2026 00:07:14] "GET /api/carts/ HTTP/1.1" 404 68700
[03/Jul/2026 00:07:14] "GET /api/api/wishlists/ HTTP/1.1" 404 68732
Not Found: /api/api/wishlists/
[03/Jul/2026 00:07:14] "GET /api/api/wishlists/ HTTP/1.1" 404 68731
Not Found: /api/api/shipping/methods/
Not Found: /api/carts/
[03/Jul/2026 00:07:16] "GET /api/api/shipping/methods/ HTTP/1.1" 404 68760
[03/Jul/2026 00:07:16] "GET /api/carts/ HTTP/1.1" 404 68700
Not Found: /api/api/shipping/methods/
[03/Jul/2026 00:07:17] "GET /api/api/shipping/methods/ HTTP/1.1" 404 68759
Not Found: /api/carts/
Not Found: /api/api/wishlists/
[03/Jul/2026 00:07:27] "GET /api/carts/ HTTP/1.1" 404 68700
[03/Jul/2026 00:07:27] "GET /api/api/wishlists/ HTTP/1.1" 404 68732
Not Found: /api/api/wishlists/
[03/Jul/2026 00:07:27] "GET /api/api/wishlists/ HTTP/1.1" 404 68731
Not Found: /api/carts/
[03/Jul/2026 00:07:29] "GET /api/carts/ HTTP/1.1" 404 68699
Not Found: /api/api/reports/summary/
[03/Jul/2026 00:07:29] "GET /api/api/reports/summary/ HTTP/1.1" 404 68755
Not Found: /api/api/reports/summary/
[03/Jul/2026 00:07:29] "GET /api/api/reports/summary/ HTTP/1.1" 404 68755
Not Found: /api/carts/
Not Found: /api/api/analytics/overview/
[03/Jul/2026 00:07:34] "GET /api/carts/ HTTP/1.1" 404 68700
[03/Jul/2026 00:07:34] "GET /api/api/analytics/overview/ HTTP/1.1" 404 68768
Not Found: /api/api/analytics/overview/
[03/Jul/2026 00:07:34] "GET /api/api/analytics/overview/ HTTP/1.1" 404 68767
Not Found: /api/carts/
[03/Jul/2026 00:15:58] "GET /api/carts/ HTTP/1.1" 404 68699
Not Found: /api/carts/
[03/Jul/2026 00:15:58] "GET /api/carts/ HTTP/1.1" 404 68699
Not Found: /api/carts/
[03/Jul/2026 00:15:58] "GET /api/carts/ HTTP/1.1" 404 68699
Not Found: /api/carts/
[03/Jul/2026 00:16:03] "GET /api/carts/ HTTP/1.1" 404 68699
Not Found: /api/carts/
[03/Jul/2026 00:16:07] "GET /api/carts/ HTTP/1.1" 404 68699
Not Found: /api/carts/
[03/Jul/2026 00:16:11] "GET /api/carts/ HTTP/1.1" 404 68699
[03/Jul/2026 00:20:02] "GET /api/admin/top-products/?days=30&limit=5 HTTP/1.1" 200 127
[03/Jul/2026 00:20:02] "GET /api/admin/orders/?page=1&page_size=6 HTTP/1.1" 200 474
[03/Jul/2026 00:20:02] "GET /api/admin/sales/?days=30 HTTP/1.1" 200 257
[03/Jul/2026 00:20:02] "GET /api/admin/finance/summary/ HTTP/1.1" 200 246
[03/Jul/2026 00:20:02] "GET /api/admin/top-products/?days=30&limit=5 HTTP/1.1" 200 127
[03/Jul/2026 00:20:02] "GET /api/admin/orders/?page=1&page_size=6 HTTP/1.1" 200 474
[03/Jul/2026 00:20:02] "GET /api/admin/sales/?days=30 HTTP/1.1" 200 257
[03/Jul/2026 00:20:02] "GET /api/admin/finance/summary/ HTTP/1.1" 200 246
[03/Jul/2026 00:20:02] "GET /api/admin/overview/?days=30 HTTP/1.1" 200 4653
[03/Jul/2026 00:20:02] "GET /api/admin/overview/?days=30 HTTP/1.1" 200 4653
[03/Jul/2026 00:24:09] "GET /api/ HTTP/1.1" 200 628
Unauthorized: /api/admin/overview/
[03/Jul/2026 00:24:09] "GET /api/admin/overview/?days=30 HTTP/1.1" 401 147
Unauthorized: /api/admin/overview/
[03/Jul/2026 00:24:15] "GET /api/admin/overview/?days=30 HTTP/1.1" 401 147
Not Found: /api/carts/
[03/Jul/2026 00:30:51] "GET /api/carts/ HTTP/1.1" 404 68699
[03/Jul/2026 00:30:51] "GET /api/products/?page=1&search= HTTP/1.1" 200 14815
[03/Jul/2026 00:30:51] "GET /api/products/?page=1&search= HTTP/1.1" 200 14815
Not Found: /api/carts/
Not Found: /api/api/categories/
[03/Jul/2026 00:30:53] "GET /api/carts/ HTTP/1.1" 404 68699
[03/Jul/2026 00:30:53] "GET /api/api/categories/ HTTP/1.1" 404 68735
Not Found: /api/api/categories/
[03/Jul/2026 00:30:53] "GET /api/api/categories/ HTTP/1.1" 404 68735
Not Found: /api/orders/
Not Found: /api/carts/
[03/Jul/2026 00:30:55] "GET /api/orders/?page=1 HTTP/1.1" 404 68717
[03/Jul/2026 00:30:55] "GET /api/carts/ HTTP/1.1" 404 68700
Not Found: /api/orders/
[03/Jul/2026 00:30:55] "GET /api/orders/?page=1 HTTP/1.1" 404 68717
Not Found: /api/carts/
[03/Jul/2026 00:30:57] "GET /api/carts/ HTTP/1.1" 404 68700
[03/Jul/2026 00:30:57] "GET /api/admin/top-products/?days=30&limit=5 HTTP/1.1" 200 127
[03/Jul/2026 00:30:57] "GET /api/admin/sales/?days=30 HTTP/1.1" 200 257
[03/Jul/2026 00:30:57] "GET /api/admin/orders/?page=1&page_size=6 HTTP/1.1" 200 474
[03/Jul/2026 00:30:57] "GET /api/admin/finance/summary/ HTTP/1.1" 200 246
[03/Jul/2026 00:30:57] "GET /api/admin/top-products/?days=30&limit=5 HTTP/1.1" 200 127
[03/Jul/2026 00:30:57] "GET /api/admin/sales/?days=30 HTTP/1.1" 200 257
[03/Jul/2026 00:30:57] "GET /api/admin/orders/?page=1&page_size=6 HTTP/1.1" 200 474
[03/Jul/2026 00:30:57] "GET /api/admin/finance/summary/ HTTP/1.1" 200 246
[03/Jul/2026 00:30:57] "GET /api/admin/overview/?days=30 HTTP/1.1" 200 4653
[03/Jul/2026 00:30:57] "GET /api/admin/overview/?days=30 HTTP/1.1" 200 4653
Not Found: /api/carts/
Not Found: /api/api/auth/users/
[03/Jul/2026 00:31:31] "GET /api/carts/ HTTP/1.1" 404 68700
[03/Jul/2026 00:31:31] "GET /api/api/auth/users/ HTTP/1.1" 404 68736
Not Found: /api/api/auth/users/
[03/Jul/2026 00:31:31] "GET /api/api/auth/users/ HTTP/1.1" 404 68735
Not Found: /api/api/auth/users/
Not Found: /api/carts/
[03/Jul/2026 00:31:38] "GET /api/api/auth/users/?is_staff=true HTTP/1.1" 404 68763
[03/Jul/2026 00:31:38] "GET /api/carts/ HTTP/1.1" 404 68700
Not Found: /api/api/auth/users/
[03/Jul/2026 00:31:38] "GET /api/api/auth/users/?is_staff=true HTTP/1.1" 404 68763
Not Found: /api/carts/
Not Found: /api/api/finance/summary/
Not Found: /api/api/finance/transactions/
[03/Jul/2026 00:31:40] "GET /api/carts/ HTTP/1.1" 404 68700
[03/Jul/2026 00:31:40] "GET /api/api/finance/summary/ HTTP/1.1" 404 68756
[03/Jul/2026 00:31:40] "GET /api/api/finance/transactions/ HTTP/1.1" 404 68776
Not Found: /api/api/finance/summary/
Not Found: /api/api/finance/transactions/
[03/Jul/2026 00:31:40] "GET /api/api/finance/summary/ HTTP/1.1" 404 68755
[03/Jul/2026 00:31:41] "GET /api/api/finance/transactions/ HTTP/1.1" 404 68775
Not Found: /api/carts/
Not Found: /api/api/coupons/
[03/Jul/2026 00:31:42] "GET /api/carts/ HTTP/1.1" 404 68700
[03/Jul/2026 00:31:42] "GET /api/api/coupons/ HTTP/1.1" 404 68724
Not Found: /api/api/coupons/
[03/Jul/2026 00:31:42] "GET /api/api/coupons/ HTTP/1.1" 404 68723
Not Found: /api/carts/
Not Found: /api/api/returns/
[03/Jul/2026 00:31:44] "GET /api/carts/ HTTP/1.1" 404 68699
[03/Jul/2026 00:31:44] "GET /api/api/returns/ HTTP/1.1" 404 68723
Not Found: /api/api/returns/
[03/Jul/2026 00:31:44] "GET /api/api/returns/ HTTP/1.1" 404 68723
Not Found: /api/api/notifications/
Not Found: /api/carts/
[03/Jul/2026 00:31:46] "GET /api/api/notifications/ HTTP/1.1" 404 68748
[03/Jul/2026 00:31:46] "GET /api/carts/ HTTP/1.1" 404 68700
Not Found: /api/api/notifications/
[03/Jul/2026 00:31:47] "GET /api/api/notifications/ HTTP/1.1" 404 68747
Not Found: /api/carts/
[03/Jul/2026 00:31:49] "GET /api/carts/ HTTP/1.1" 404 68700
[03/Jul/2026 00:31:49] "GET /api/admin/top-products/?days=30&limit=5 HTTP/1.1" 200 127
[03/Jul/2026 00:31:49] "GET /api/admin/sales/?days=30 HTTP/1.1" 200 257
[03/Jul/2026 00:31:49] "GET /api/admin/finance/summary/ HTTP/1.1" 200 246
[03/Jul/2026 00:31:49] "GET /api/admin/orders/?page=1&page_size=6 HTTP/1.1" 200 474
[03/Jul/2026 00:31:49] "GET /api/admin/top-products/?days=30&limit=5 HTTP/1.1" 200 127
[03/Jul/2026 00:31:49] "GET /api/admin/sales/?days=30 HTTP/1.1" 200 257
[03/Jul/2026 00:31:49] "GET /api/admin/finance/summary/ HTTP/1.1" 200 246
[03/Jul/2026 00:31:49] "GET /api/admin/orders/?page=1&page_size=6 HTTP/1.1" 200 474
[03/Jul/2026 00:31:49] "GET /api/admin/overview/?days=30 HTTP/1.1" 200 4653
[03/Jul/2026 00:31:49] "GET /api/admin/overview/?days=30 HTTP/1.1" 200 4653
[03/Jul/2026 00:32:12] "GET /api/admin/top-products/?days=90&limit=5 HTTP/1.1" 200 127
[03/Jul/2026 00:32:12] "GET /api/admin/sales/?days=90 HTTP/1.1" 200 257
[03/Jul/2026 00:32:12] "GET /api/admin/orders/?page=1&page_size=6 HTTP/1.1" 200 474
[03/Jul/2026 00:32:12] "GET /api/admin/finance/summary/ HTTP/1.1" 200 246
[03/Jul/2026 00:32:12] "GET /api/admin/overview/?days=90 HTTP/1.1" 200 4653
[03/Jul/2026 00:32:13] "GET /api/admin/top-products/?days=7&limit=5 HTTP/1.1" 200 126
[03/Jul/2026 00:32:13] "GET /api/admin/sales/?days=7 HTTP/1.1" 200 256
[03/Jul/2026 00:32:13] "GET /api/admin/orders/?page=1&page_size=6 HTTP/1.1" 200 474
[03/Jul/2026 00:32:13] "GET /api/admin/finance/summary/ HTTP/1.1" 200 246
[03/Jul/2026 00:32:13] "GET /api/admin/overview/?days=7 HTTP/1.1" 200 4652
[03/Jul/2026 00:32:14] "GET /api/admin/sales/?days=7 HTTP/1.1" 200 256
[03/Jul/2026 00:32:14] "GET /api/admin/top-products/?days=7&limit=5 HTTP/1.1" 200 126
[03/Jul/2026 00:32:14] "GET /api/admin/finance/summary/ HTTP/1.1" 200 246
[03/Jul/2026 00:32:14] "GET /api/admin/orders/?page=1&page_size=6 HTTP/1.1" 200 474
[03/Jul/2026 00:32:15] "GET /api/admin/overview/?days=7 HTTP/1.1" 200 4652
[03/Jul/2026 00:32:41] "POST /api/auth/jwt/create/ HTTP/1.1" 200 536
[03/Jul/2026 00:32:51] "POST /api/auth/jwt/create/ HTTP/1.1" 200 536
[03/Jul/2026 00:32:56] "POST /api/auth/jwt/create/ HTTP/1.1" 200 536
[03/Jul/2026 00:33:02] "POST /api/auth/jwt/create/ HTTP/1.1" 200 536
[03/Jul/2026 00:33:08] "POST /api/auth/jwt/create/ HTTP/1.1" 200 536
[03/Jul/2026 00:33:08] "GET /api/admin/overview/?days=30 HTTP/1.1" 200 4653
Not Found: /api/carts/
[03/Jul/2026 01:00:49] "GET /api/carts/ HTTP/1.1" 404 68699
[03/Jul/2026 01:00:49] "GET /api/admin/top-products/?days=30&limit=5 HTTP/1.1" 200 127
[03/Jul/2026 01:00:49] "GET /api/admin/orders/?page=1&page_size=6 HTTP/1.1" 200 474
[03/Jul/2026 01:00:49] "GET /api/admin/sales/?days=30 HTTP/1.1" 200 257
[03/Jul/2026 01:00:49] "GET /api/admin/finance/summary/ HTTP/1.1" 200 246
Not Found: /api/carts/
[03/Jul/2026 01:00:49] "GET /api/carts/ HTTP/1.1" 404 68700
[03/Jul/2026 01:00:49] "GET /api/admin/top-products/?days=30&limit=5 HTTP/1.1" 200 127
[03/Jul/2026 01:00:49] "GET /api/admin/orders/?page=1&page_size=6 HTTP/1.1" 200 474
[03/Jul/2026 01:00:49] "GET /api/admin/finance/summary/ HTTP/1.1" 200 246
[03/Jul/2026 01:00:49] "GET /api/admin/sales/?days=30 HTTP/1.1" 200 257
Not Found: /api/carts/
[03/Jul/2026 01:00:49] "GET /api/carts/ HTTP/1.1" 404 68700
[03/Jul/2026 01:00:49] "GET /api/admin/overview/?days=30 HTTP/1.1" 200 4653
[03/Jul/2026 01:00:49] "GET /api/admin/overview/?days=30 HTTP/1.1" 200 4653
Not Found: /api/carts/
[03/Jul/2026 01:03:05] "GET /api/carts/ HTTP/1.1" 404 68699
[03/Jul/2026 01:03:05] "GET /api/products/?page=1&search= HTTP/1.1" 200 14815
[03/Jul/2026 01:03:05] "GET /api/products/?page=1&search= HTTP/1.1" 200 14815
Not Found: /api/api/categories/
Not Found: /api/carts/
[03/Jul/2026 01:03:07] "GET /api/api/categories/ HTTP/1.1" 404 68735
[03/Jul/2026 01:03:07] "GET /api/carts/ HTTP/1.1" 404 68700
Not Found: /api/api/categories/
[03/Jul/2026 01:03:07] "GET /api/api/categories/ HTTP/1.1" 404 68735
Not Found: /api/carts/
[03/Jul/2026 01:03:08] "GET /api/carts/ HTTP/1.1" 404 68700
Not Found: /api/api/auth/users/
[03/Jul/2026 01:03:08] "GET /api/api/auth/users/ HTTP/1.1" 404 68736
Not Found: /api/api/auth/users/
[03/Jul/2026 01:03:09] "GET /api/api/auth/users/ HTTP/1.1" 404 68735
Not Found: /api/carts/
Not Found: /api/api/auth/users/
[03/Jul/2026 01:03:12] "GET /api/carts/ HTTP/1.1" 404 68699
[03/Jul/2026 01:03:12] "GET /api/api/auth/users/?is_staff=true HTTP/1.1" 404 68763
Not Found: /api/api/auth/users/
[03/Jul/2026 01:03:12] "GET /api/api/auth/users/?is_staff=true HTTP/1.1" 404 68763
Not Found: /api/carts/
Not Found: /api/api/coupons/
[03/Jul/2026 01:03:18] "GET /api/carts/ HTTP/1.1" 404 68700
[03/Jul/2026 01:03:18] "GET /api/api/coupons/ HTTP/1.1" 404 68724
Not Found: /api/api/coupons/
[03/Jul/2026 01:03:19] "GET /api/api/coupons/ HTTP/1.1" 404 68723
Not Found: /api/carts/
Not Found: /api/api/finance/summary/
[03/Jul/2026 01:03:22] "GET /api/carts/ HTTP/1.1" 404 68700
Not Found: /api/api/finance/transactions/
[03/Jul/2026 01:03:22] "GET /api/api/finance/summary/ HTTP/1.1" 404 68756
[03/Jul/2026 01:03:22] "GET /api/api/finance/transactions/ HTTP/1.1" 404 68776
Not Found: /api/api/finance/summary/
Not Found: /api/api/finance/transactions/
[03/Jul/2026 01:03:22] "GET /api/api/finance/summary/ HTTP/1.1" 404 68755
[03/Jul/2026 01:03:22] "GET /api/api/finance/transactions/ HTTP/1.1" 404 68775
Not Found: /api/carts/
Not Found: /api/api/returns/
[03/Jul/2026 01:03:23] "GET /api/carts/ HTTP/1.1" 404 68699
[03/Jul/2026 01:03:23] "GET /api/api/returns/ HTTP/1.1" 404 68723
Not Found: /api/api/returns/
[03/Jul/2026 01:03:23] "GET /api/api/returns/ HTTP/1.1" 404 68723
Not Found: /api/carts/
Not Found: /api/api/notifications/
[03/Jul/2026 01:03:25] "GET /api/carts/ HTTP/1.1" 404 68699
[03/Jul/2026 01:03:25] "GET /api/api/notifications/ HTTP/1.1" 404 68747
Not Found: /api/api/notifications/
[03/Jul/2026 01:03:25] "GET /api/api/notifications/ HTTP/1.1" 404 68747
Not Found: /api/carts/
[03/Jul/2026 01:03:27] "GET /api/carts/ HTTP/1.1" 404 68699
[03/Jul/2026 01:03:44] "GET /api/categories/ HTTP/1.1" 200 2327
[03/Jul/2026 01:03:45] "GET /api/products/?ordering=-created_at&page=1 HTTP/1.1" 200 14828
[03/Jul/2026 01:04:28] "GET /api/products/?page=1 HTTP/1.1" 200 14807
[03/Jul/2026 01:05:34] "GET /api/categories/ HTTP/1.1" 200 2327
[03/Jul/2026 01:05:34] "GET /api/products/?page=1 HTTP/1.1" 200 14807
[03/Jul/2026 01:05:43] "POST /api/auth/jwt/create/ HTTP/1.1" 200 536
Not Found: /api/carts/
[03/Jul/2026 01:05:43] "GET /api/carts/ HTTP/1.1" 404 68699
[03/Jul/2026 01:05:44] "GET /api/customer/me/ HTTP/1.1" 200 361
[03/Jul/2026 01:05:44] "GET /api/customer/me/ HTTP/1.1" 200 361
Not Found: /api/carts/
[03/Jul/2026 01:05:44] "GET /api/carts/ HTTP/1.1" 404 68699
[03/Jul/2026 01:05:44] "GET /api/admin/top-products/?days=30&limit=5 HTTP/1.1" 200 127
[03/Jul/2026 01:05:45] "GET /api/admin/sales/?days=30 HTTP/1.1" 200 257
[03/Jul/2026 01:05:45] "GET /api/admin/orders/?page=1&page_size=6 HTTP/1.1" 200 474
[03/Jul/2026 01:05:45] "GET /api/admin/finance/summary/ HTTP/1.1" 200 246
[03/Jul/2026 01:05:45] "GET /api/admin/top-products/?days=30&limit=5 HTTP/1.1" 200 127
[03/Jul/2026 01:05:45] "GET /api/admin/sales/?days=30 HTTP/1.1" 200 257
[03/Jul/2026 01:05:45] "GET /api/admin/orders/?page=1&page_size=6 HTTP/1.1" 200 474
[03/Jul/2026 01:05:45] "GET /api/admin/finance/summary/ HTTP/1.1" 200 246
[03/Jul/2026 01:05:45] "GET /api/admin/overview/?days=30 HTTP/1.1" 200 4653
[03/Jul/2026 01:05:45] "GET /api/admin/overview/?days=30 HTTP/1.1" 200 4653
Not Found: /api/carts/
[03/Jul/2026 01:26:14] "GET /api/carts/ HTTP/1.1" 404 68699
Not Found: /api/carts/
[03/Jul/2026 01:26:14] "GET /api/carts/ HTTP/1.1" 404 68700
[03/Jul/2026 01:26:14] "GET /api/admin/top-products/?days=30&limit=5 HTTP/1.1" 200 127
[03/Jul/2026 01:26:14] "GET /api/admin/sales/?days=30 HTTP/1.1" 200 257
[03/Jul/2026 01:26:14] "GET /api/admin/orders/?page=1&page_size=6 HTTP/1.1" 200 474
[03/Jul/2026 01:26:14] "GET /api/admin/finance/summary/ HTTP/1.1" 200 246
Not Found: /api/carts/
[03/Jul/2026 01:26:14] "GET /api/carts/ HTTP/1.1" 404 68700
[03/Jul/2026 01:26:14] "GET /api/admin/top-products/?days=30&limit=5 HTTP/1.1" 200 127
[03/Jul/2026 01:26:14] "GET /api/admin/orders/?page=1&page_size=6 HTTP/1.1" 200 474
[03/Jul/2026 01:26:14] "GET /api/admin/sales/?days=30 HTTP/1.1" 200 257
[03/Jul/2026 01:26:14] "GET /api/admin/finance/summary/ HTTP/1.1" 200 246
[03/Jul/2026 01:26:14] "GET /api/admin/overview/?days=30 HTTP/1.1" 200 4653
[03/Jul/2026 01:26:14] "GET /api/admin/overview/?days=30 HTTP/1.1" 200 4653
Not Found: /api/carts/
[03/Jul/2026 01:26:20] "GET /api/carts/ HTTP/1.1" 404 68699
Not Found: /api/carts/
[03/Jul/2026 01:26:20] "GET /api/carts/ HTTP/1.1" 404 68700
[03/Jul/2026 01:26:20] "GET /api/admin/top-products/?days=30&limit=5 HTTP/1.1" 200 127
[03/Jul/2026 01:26:20] "GET /api/admin/orders/?page=1&page_size=6 HTTP/1.1" 200 474
[03/Jul/2026 01:26:20] "GET /api/admin/sales/?days=30 HTTP/1.1" 200 257
[03/Jul/2026 01:26:20] "GET /api/admin/finance/summary/ HTTP/1.1" 200 246
Not Found: /api/carts/
[03/Jul/2026 01:26:20] "GET /api/carts/ HTTP/1.1" 404 68700
[03/Jul/2026 01:26:20] "GET /api/admin/top-products/?days=30&limit=5 HTTP/1.1" 200 127
[03/Jul/2026 01:26:20] "GET /api/admin/orders/?page=1&page_size=6 HTTP/1.1" 200 474
[03/Jul/2026 01:26:20] "GET /api/admin/sales/?days=30 HTTP/1.1" 200 257
[03/Jul/2026 01:26:20] "GET /api/admin/finance/summary/ HTTP/1.1" 200 246
[03/Jul/2026 01:26:20] "GET /api/admin/overview/?days=30 HTTP/1.1" 200 4653
[03/Jul/2026 01:26:20] "GET /api/admin/overview/?days=30 HTTP/1.1" 200 4653
Not Found: /api/carts/
[03/Jul/2026 01:26:21] "GET /api/carts/ HTTP/1.1" 404 68699
[03/Jul/2026 01:26:21] "GET /api/admin/top-products/?days=30&limit=5 HTTP/1.1" 200 127
[03/Jul/2026 01:26:21] "GET /api/admin/orders/?page=1&page_size=6 HTTP/1.1" 200 474
[03/Jul/2026 01:26:21] "GET /api/admin/finance/summary/ HTTP/1.1" 200 246
[03/Jul/2026 01:26:21] "GET /api/admin/sales/?days=30 HTTP/1.1" 200 257
Not Found: /api/carts/
[03/Jul/2026 01:26:22] "GET /api/carts/ HTTP/1.1" 404 68700
[03/Jul/2026 01:26:22] "GET /api/admin/top-products/?days=30&limit=5 HTTP/1.1" 200 127
[03/Jul/2026 01:26:22] "GET /api/admin/orders/?page=1&page_size=6 HTTP/1.1" 200 474
[03/Jul/2026 01:26:22] "GET /api/admin/finance/summary/ HTTP/1.1" 200 246
[03/Jul/2026 01:26:22] "GET /api/admin/sales/?days=30 HTTP/1.1" 200 257
Not Found: /api/carts/
[03/Jul/2026 01:26:22] "GET /api/admin/overview/?days=30 HTTP/1.1" 200 4653
[03/Jul/2026 01:26:22] "GET /api/carts/ HTTP/1.1" 404 68700
[03/Jul/2026 01:26:22] "GET /api/admin/overview/?days=30 HTTP/1.1" 200 4653
Not Found: /api/carts/
[03/Jul/2026 01:27:38] "GET /api/carts/ HTTP/1.1" 404 68699
[03/Jul/2026 01:27:38] "GET /api/products/?page=1&search= HTTP/1.1" 200 14815
[03/Jul/2026 01:27:38] "GET /api/products/?page=1&search= HTTP/1.1" 200 14815
Not Found: /api/api/categories/
Not Found: /api/carts/
[03/Jul/2026 01:27:40] "GET /api/api/categories/ HTTP/1.1" 404 68735
[03/Jul/2026 01:27:40] "GET /api/carts/ HTTP/1.1" 404 68700
Not Found: /api/api/categories/
[03/Jul/2026 01:27:40] "GET /api/api/categories/ HTTP/1.1" 404 68735
Not Found: /api/carts/
[03/Jul/2026 01:27:41] "GET /api/carts/ HTTP/1.1" 404 68700
Not Found: /api/api/auth/users/
[03/Jul/2026 01:27:41] "GET /api/api/auth/users/ HTTP/1.1" 404 68736
Not Found: /api/api/auth/users/
[03/Jul/2026 01:27:41] "GET /api/api/auth/users/ HTTP/1.1" 404 68735
Not Found: /api/carts/
[03/Jul/2026 01:27:43] "GET /api/carts/ HTTP/1.1" 404 68700
Not Found: /api/orders/
[03/Jul/2026 01:27:43] "GET /api/orders/?page=1 HTTP/1.1" 404 68718
Not Found: /api/orders/
[03/Jul/2026 01:27:43] "GET /api/orders/?page=1 HTTP/1.1" 404 68717
Not Found: /api/carts/
[03/Jul/2026 01:28:32] "GET /api/carts/ HTTP/1.1" 404 68699
[03/Jul/2026 01:28:32] "GET /api/categories/ HTTP/1.1" 200 2327
[03/Jul/2026 01:28:32] "GET /api/products/?page=1 HTTP/1.1" 200 14807
Not Found: /api/carts/
[03/Jul/2026 01:28:34] "GET /api/carts/ HTTP/1.1" 404 68699
Not Found: /api/carts/
[03/Jul/2026 01:28:39] "GET /api/carts/ HTTP/1.1" 404 68699
Not Found: /api/carts/
[03/Jul/2026 01:28:39] "GET /api/carts/ HTTP/1.1" 404 68699
Not Found: /api/carts/
[03/Jul/2026 01:28:39] "GET /api/carts/ HTTP/1.1" 404 68699
[03/Jul/2026 01:28:39] "GET /api/categories/ HTTP/1.1" 200 2327
Not Found: /api/carts/
[03/Jul/2026 01:28:47] "GET /api/carts/ HTTP/1.1" 404 68699
Not Found: /api/orders/
Not Found: /api/carts/
[03/Jul/2026 01:28:52] "GET /api/orders/ HTTP/1.1" 404 68703
[03/Jul/2026 01:28:52] "GET /api/carts/ HTTP/1.1" 404 68700
Not Found: /api/carts/
[03/Jul/2026 01:28:53] "GET /api/carts/ HTTP/1.1" 404 68699
Not Found: /api/api/wishlist/
[03/Jul/2026 01:28:53] "GET /api/api/wishlist/ HTTP/1.1" 404 68727
Not Found: /api/api/wishlist/
[03/Jul/2026 01:28:53] "GET /api/api/wishlist/ HTTP/1.1" 404 68727
Not Found: /api/carts/
[03/Jul/2026 01:28:55] "GET /api/carts/ HTTP/1.1" 404 68699
[03/Jul/2026 01:28:56] "GET /api/admin/top-products/?days=30&limit=5 HTTP/1.1" 200 127
[03/Jul/2026 01:28:56] "GET /api/admin/orders/?page=1&page_size=6 HTTP/1.1" 200 474
[03/Jul/2026 01:28:56] "GET /api/admin/sales/?days=30 HTTP/1.1" 200 257
[03/Jul/2026 01:28:56] "GET /api/admin/finance/summary/ HTTP/1.1" 200 246
[03/Jul/2026 01:28:56] "GET /api/admin/top-products/?days=30&limit=5 HTTP/1.1" 200 127
[03/Jul/2026 01:28:56] "GET /api/admin/orders/?page=1&page_size=6 HTTP/1.1" 200 474
[03/Jul/2026 01:28:56] "GET /api/admin/sales/?days=30 HTTP/1.1" 200 257
[03/Jul/2026 01:28:56] "GET /api/admin/finance/summary/ HTTP/1.1" 200 246
[03/Jul/2026 01:28:56] "GET /api/admin/overview/?days=30 HTTP/1.1" 200 4653
[03/Jul/2026 01:28:56] "GET /api/admin/overview/?days=30 HTTP/1.1" 200 4653
Not Found: /api/carts/
[03/Jul/2026 01:29:29] "GET /api/carts/ HTTP/1.1" 404 68699
Not Found: /api/carts/
[03/Jul/2026 01:29:29] "GET /api/carts/ HTTP/1.1" 404 68699
Not Found: /api/carts/
[03/Jul/2026 01:29:29] "GET /api/carts/ HTTP/1.1" 404 68699
[03/Jul/2026 01:29:29] "GET /api/admin/top-products/?days=30&limit=5 HTTP/1.1" 200 127
[03/Jul/2026 01:29:29] "GET /api/admin/orders/?page=1&page_size=6 HTTP/1.1" 200 474
[03/Jul/2026 01:29:29] "GET /api/admin/finance/summary/ HTTP/1.1" 200 246
[03/Jul/2026 01:29:29] "GET /api/admin/sales/?days=30 HTTP/1.1" 200 257
[03/Jul/2026 01:29:29] "GET /api/admin/orders/?page=1&page_size=6 HTTP/1.1" 200 474
[03/Jul/2026 01:29:29] "GET /api/admin/top-products/?days=30&limit=5 HTTP/1.1" 200 127
[03/Jul/2026 01:29:29] "GET /api/admin/finance/summary/ HTTP/1.1" 200 246
[03/Jul/2026 01:29:29] "GET /api/admin/sales/?days=30 HTTP/1.1" 200 257
[03/Jul/2026 01:29:29] "GET /api/admin/overview/?days=30 HTTP/1.1" 200 4653
[03/Jul/2026 01:29:30] "GET /api/admin/overview/?days=30 HTTP/1.1" 200 4653
Not Found: /api/carts/
[03/Jul/2026 01:35:15] "GET /api/carts/ HTTP/1.1" 404 68699
Not Found: /api/carts/
[03/Jul/2026 01:35:15] "GET /api/carts/ HTTP/1.1" 404 68699
[03/Jul/2026 01:35:15] "GET /api/admin/top-products/?days=30&limit=5 HTTP/1.1" 200 127
[03/Jul/2026 01:35:15] "GET /api/admin/finance/summary/ HTTP/1.1" 200 246
[03/Jul/2026 01:35:15] "GET /api/admin/sales/?days=30 HTTP/1.1" 200 257
[03/Jul/2026 01:35:15] "GET /api/admin/orders/?page=1&page_size=6 HTTP/1.1" 200 474
Not Found: /api/carts/
[03/Jul/2026 01:35:15] "GET /api/carts/ HTTP/1.1" 404 68700
[03/Jul/2026 01:35:15] "GET /api/admin/top-products/?days=30&limit=5 HTTP/1.1" 200 127
[03/Jul/2026 01:35:15] "GET /api/admin/sales/?days=30 HTTP/1.1" 200 257
[03/Jul/2026 01:35:15] "GET /api/admin/finance/summary/ HTTP/1.1" 200 246
[03/Jul/2026 01:35:15] "GET /api/admin/orders/?page=1&page_size=6 HTTP/1.1" 200 474
[03/Jul/2026 01:35:15] "GET /api/admin/overview/?days=30 HTTP/1.1" 200 4653
[03/Jul/2026 01:35:15] "GET /api/admin/overview/?days=30 HTTP/1.1" 200 4653
[03/Jul/2026 01:36:27] "GET /api/admin/top-products/?days=30&limit=5 HTTP/1.1" 200 127
[03/Jul/2026 01:36:27] "GET /api/admin/orders/?page=1&page_size=6 HTTP/1.1" 200 474
[03/Jul/2026 01:36:27] "GET /api/admin/sales/?days=30 HTTP/1.1" 200 257
[03/Jul/2026 01:36:27] "GET /api/admin/finance/summary/ HTTP/1.1" 200 246
[03/Jul/2026 01:36:27] "GET /api/admin/overview/?days=30 HTTP/1.1" 200 4653
[03/Jul/2026 01:38:55] "GET /api/admin/sales/?days=30 HTTP/1.1" 200 257
[03/Jul/2026 01:38:55] "GET /api/admin/top-products/?days=30&limit=5 HTTP/1.1" 200 127
[03/Jul/2026 01:38:55] "GET /api/admin/orders/?page=1&page_size=6 HTTP/1.1" 200 474
[03/Jul/2026 01:38:55] "GET /api/admin/finance/summary/ HTTP/1.1" 200 246
[03/Jul/2026 01:38:55] "GET /api/admin/overview/?days=30 HTTP/1.1" 200 4653
[03/Jul/2026 01:38:55] "GET /api/admin/sales/?days=30 HTTP/1.1" 200 257
[03/Jul/2026 01:38:55] "GET /api/admin/top-products/?days=30&limit=5 HTTP/1.1" 200 127
[03/Jul/2026 01:38:55] "GET /api/admin/finance/summary/ HTTP/1.1" 200 246
[03/Jul/2026 01:38:55] "GET /api/admin/orders/?page=1&page_size=6 HTTP/1.1" 200 474
[03/Jul/2026 01:38:55] "GET /api/admin/overview/?days=30 HTTP/1.1" 200 4653
Not Found: /api/carts/
[03/Jul/2026 01:48:33] "GET /api/carts/ HTTP/1.1" 404 68699
Not Found: /api/carts/
[03/Jul/2026 01:48:33] "GET /api/carts/ HTTP/1.1" 404 68699
[03/Jul/2026 01:48:33] "GET /api/admin/top-products/?days=30&limit=5 HTTP/1.1" 200 127
[03/Jul/2026 01:48:34] "GET /api/admin/orders/?page=1&page_size=6 HTTP/1.1" 200 474
[03/Jul/2026 01:48:34] "GET /api/admin/sales/?days=30 HTTP/1.1" 200 257
[03/Jul/2026 01:48:34] "GET /api/admin/finance/summary/ HTTP/1.1" 200 246
Not Found: /api/carts/
[03/Jul/2026 01:48:34] "GET /api/carts/ HTTP/1.1" 404 68700
[03/Jul/2026 01:48:34] "GET /api/admin/top-products/?days=30&limit=5 HTTP/1.1" 200 127
[03/Jul/2026 01:48:34] "GET /api/admin/sales/?days=30 HTTP/1.1" 200 257
[03/Jul/2026 01:48:34] "GET /api/admin/orders/?page=1&page_size=6 HTTP/1.1" 200 474
[03/Jul/2026 01:48:34] "GET /api/admin/finance/summary/ HTTP/1.1" 200 246
[03/Jul/2026 01:48:34] "GET /api/admin/overview/?days=30 HTTP/1.1" 200 4653
[03/Jul/2026 01:48:34] "GET /api/admin/overview/?days=30 HTTP/1.1" 200 4653
Not Found: /api/carts/
[03/Jul/2026 01:56:45] "GET /api/carts/ HTTP/1.1" 404 68700
[03/Jul/2026 01:56:45] "GET /api/admin/top-products/?days=30&limit=5 HTTP/1.1" 200 127
[03/Jul/2026 01:56:45] "GET /api/admin/orders/?page=1&page_size=6 HTTP/1.1" 200 474
[03/Jul/2026 01:56:45] "GET /api/admin/sales/?days=30 HTTP/1.1" 200 257
[03/Jul/2026 01:56:45] "GET /api/admin/finance/summary/ HTTP/1.1" 200 246
Not Found: /api/carts/
[03/Jul/2026 01:56:45] "GET /api/carts/ HTTP/1.1" 404 68700
[03/Jul/2026 01:56:45] "GET /api/admin/top-products/?days=30&limit=5 HTTP/1.1" 200 127
[03/Jul/2026 01:56:45] "GET /api/admin/orders/?page=1&page_size=6 HTTP/1.1" 200 474
[03/Jul/2026 01:56:45] "GET /api/admin/sales/?days=30 HTTP/1.1" 200 257
[03/Jul/2026 01:56:45] "GET /api/admin/finance/summary/ HTTP/1.1" 200 246
Not Found: /api/carts/
[03/Jul/2026 01:56:45] "GET /api/carts/ HTTP/1.1" 404 68700
[03/Jul/2026 01:56:45] "GET /api/admin/overview/?days=30 HTTP/1.1" 200 4653
[03/Jul/2026 01:56:46] "GET /api/admin/overview/?days=30 HTTP/1.1" 200 4653
[03/Jul/2026 07:36:00] "GET /api/categories/ HTTP/1.1" 200 2327
[03/Jul/2026 07:36:00] "GET /api/products/?page=1 HTTP/1.1" 200 14807
[03/Jul/2026 07:38:05] "GET /api/categories/ HTTP/1.1" 200 2327
[03/Jul/2026 07:38:05] "GET /api/products/?page=1 HTTP/1.1" 200 14807
[03/Jul/2026 12:18:19] "GET /api/categories/ HTTP/1.1" 200 2327
[03/Jul/2026 12:18:19] "GET /api/products/?page=1 HTTP/1.1" 200 14807
Not Found: /api/carts/
Not Found: /api/carts/
Not Found: /api/carts/
[03/Jul/2026 12:33:35] "GET /api/carts/ HTTP/1.1" 404 68700
[03/Jul/2026 12:33:35] "GET /api/carts/ HTTP/1.1" 404 68700
[03/Jul/2026 12:33:35] "GET /api/carts/ HTTP/1.1" 404 68700
[03/Jul/2026 12:33:35] "GET /api/admin/top-products/?days=30&limit=5 HTTP/1.1" 200 127
[03/Jul/2026 12:33:35] "GET /api/admin/orders/?page=1&page_size=6 HTTP/1.1" 200 474
[03/Jul/2026 12:33:35] "GET /api/admin/finance/summary/ HTTP/1.1" 200 246
[03/Jul/2026 12:33:35] "GET /api/admin/sales/?days=30 HTTP/1.1" 200 257
[03/Jul/2026 12:33:35] "GET /api/admin/top-products/?days=30&limit=5 HTTP/1.1" 200 127
[03/Jul/2026 12:33:35] "GET /api/admin/orders/?page=1&page_size=6 HTTP/1.1" 200 474
[03/Jul/2026 12:33:35] "GET /api/admin/finance/summary/ HTTP/1.1" 200 246
[03/Jul/2026 12:33:35] "GET /api/admin/sales/?days=30 HTTP/1.1" 200 257
[03/Jul/2026 12:33:35] "GET /api/admin/overview/?days=30 HTTP/1.1" 200 4653
[03/Jul/2026 12:33:35] "GET /api/admin/overview/?days=30 HTTP/1.1" 200 4653
Not Found: /api/carts/
[03/Jul/2026 12:47:00] "GET /api/carts/ HTTP/1.1" 404 68699
Not Found: /api/carts/
[03/Jul/2026 12:47:00] "GET /api/carts/ HTTP/1.1" 404 68699
Not Found: /api/carts/
[03/Jul/2026 12:47:00] "GET /api/carts/ HTTP/1.1" 404 68699
Not Found: /api/carts/
[03/Jul/2026 12:47:07] "GET /api/carts/ HTTP/1.1" 404 68700
[03/Jul/2026 12:47:08] "GET /api/admin/top-products/?days=30&limit=5 HTTP/1.1" 200 127
[03/Jul/2026 12:47:08] "GET /api/admin/orders/?page=1&page_size=6 HTTP/1.1" 200 474
[03/Jul/2026 12:47:08] "GET /api/admin/finance/summary/ HTTP/1.1" 200 246
[03/Jul/2026 12:47:08] "GET /api/admin/sales/?days=30 HTTP/1.1" 200 257
[03/Jul/2026 12:47:08] "GET /api/admin/top-products/?days=30&limit=5 HTTP/1.1" 200 127
[03/Jul/2026 12:47:08] "GET /api/admin/finance/summary/ HTTP/1.1" 200 246
[03/Jul/2026 12:47:08] "GET /api/admin/sales/?days=30 HTTP/1.1" 200 257
[03/Jul/2026 12:47:08] "GET /api/admin/orders/?page=1&page_size=6 HTTP/1.1" 200 474
[03/Jul/2026 12:47:08] "GET /api/admin/overview/?days=30 HTTP/1.1" 200 4653
[03/Jul/2026 12:47:08] "GET /api/admin/overview/?days=30 HTTP/1.1" 200 4653
[03/Jul/2026 12:50:42] "GET /api/admin/top-products/?days=30&limit=5 HTTP/1.1" 200 127
[03/Jul/2026 12:50:42] "GET /api/admin/finance/summary/ HTTP/1.1" 200 246
[03/Jul/2026 12:50:42] "GET /api/admin/sales/?days=30 HTTP/1.1" 200 257
[03/Jul/2026 12:50:42] "GET /api/admin/orders/?page=1&page_size=6 HTTP/1.1" 200 474
[03/Jul/2026 12:50:42] "GET /api/admin/top-products/?days=30&limit=5 HTTP/1.1" 200 127
[03/Jul/2026 12:50:42] "GET /api/admin/overview/?days=30 HTTP/1.1" 200 4653
[03/Jul/2026 12:50:42] "GET /api/admin/sales/?days=30 HTTP/1.1" 200 257
[03/Jul/2026 12:50:42] "GET /api/admin/finance/summary/ HTTP/1.1" 200 246
[03/Jul/2026 12:50:42] "GET /api/admin/orders/?page=1&page_size=6 HTTP/1.1" 200 474
[03/Jul/2026 12:50:42] "GET /api/admin/overview/?days=30 HTTP/1.1" 200 4653
Not Found: /api/carts/
[03/Jul/2026 12:55:46] "GET /api/carts/ HTTP/1.1" 404 68700
[03/Jul/2026 12:55:46] "GET /api/customer/me/ HTTP/1.1" 200 361
[03/Jul/2026 12:55:46] "GET /api/admin/orders/?page=1&page_size=6 HTTP/1.1" 200 474
[03/Jul/2026 12:55:46] "GET /api/admin/top-products/?days=30&limit=5 HTTP/1.1" 200 127
[03/Jul/2026 12:55:46] "GET /api/admin/finance/summary/ HTTP/1.1" 200 246
Not Found: /api/carts/
[03/Jul/2026 12:55:46] "GET /api/carts/ HTTP/1.1" 404 68699
[03/Jul/2026 12:55:46] "GET /api/customer/me/ HTTP/1.1" 200 361
[03/Jul/2026 12:55:46] "GET /api/admin/sales/?days=30 HTTP/1.1" 200 257
[03/Jul/2026 12:55:46] "GET /api/admin/orders/?page=1&page_size=6 HTTP/1.1" 200 474
[03/Jul/2026 12:55:46] "GET /api/admin/top-products/?days=30&limit=5 HTTP/1.1" 200 127
Not Found: /api/carts/
[03/Jul/2026 12:55:47] "GET /api/carts/ HTTP/1.1" 404 68699
[03/Jul/2026 12:55:47] "GET /api/admin/overview/?days=30 HTTP/1.1" 200 4653
[03/Jul/2026 12:55:47] "GET /api/admin/finance/summary/ HTTP/1.1" 200 246
[03/Jul/2026 12:55:47] "GET /api/admin/sales/?days=30 HTTP/1.1" 200 257
[03/Jul/2026 12:55:47] "GET /api/admin/overview/?days=30 HTTP/1.1" 200 4653
Not Found: /api/carts/
[03/Jul/2026 12:58:43] "GET /api/carts/ HTTP/1.1" 404 68699
[03/Jul/2026 12:58:43] "GET /api/customer/me/ HTTP/1.1" 200 361
[03/Jul/2026 12:58:43] "GET /api/admin/top-products/?days=30&limit=5 HTTP/1.1" 200 127
[03/Jul/2026 12:58:43] "GET /api/admin/orders/?page=1&page_size=6 HTTP/1.1" 200 474
[03/Jul/2026 12:58:43] "GET /api/admin/finance/summary/ HTTP/1.1" 200 246
Not Found: /api/carts/
[03/Jul/2026 12:58:44] "GET /api/carts/ HTTP/1.1" 404 68700
[03/Jul/2026 12:58:44] "GET /api/admin/sales/?days=30 HTTP/1.1" 200 257
[03/Jul/2026 12:58:44] "GET /api/customer/me/ HTTP/1.1" 200 361
[03/Jul/2026 12:58:44] "GET /api/admin/top-products/?days=30&limit=5 HTTP/1.1" 200 127
[03/Jul/2026 12:58:44] "GET /api/admin/orders/?page=1&page_size=6 HTTP/1.1" 200 474
[03/Jul/2026 12:58:44] "GET /api/admin/overview/?days=30 HTTP/1.1" 200 4653
Not Found: /api/carts/
[03/Jul/2026 12:58:44] "GET /api/carts/ HTTP/1.1" 404 68700
[03/Jul/2026 12:58:44] "GET /api/admin/finance/summary/ HTTP/1.1" 200 246
[03/Jul/2026 12:58:44] "GET /api/admin/sales/?days=30 HTTP/1.1" 200 257
[03/Jul/2026 12:58:44] "GET /api/admin/overview/?days=30 HTTP/1.1" 200 4653
Not Found: /api/carts/
[03/Jul/2026 13:40:16] "GET /api/carts/ HTTP/1.1" 404 68700
[03/Jul/2026 13:40:16] "GET /api/customer/me/ HTTP/1.1" 200 361
[03/Jul/2026 13:40:16] "GET /api/admin/top-products/?days=30&limit=5 HTTP/1.1" 200 127
[03/Jul/2026 13:40:16] "GET /api/admin/orders/?page=1&page_size=6 HTTP/1.1" 200 474
[03/Jul/2026 13:40:16] "GET /api/admin/finance/summary/ HTTP/1.1" 200 246
Not Found: /api/carts/
[03/Jul/2026 13:40:17] "GET /api/carts/ HTTP/1.1" 404 68700
[03/Jul/2026 13:40:17] "GET /api/admin/sales/?days=30 HTTP/1.1" 200 257
[03/Jul/2026 13:40:17] "GET /api/customer/me/ HTTP/1.1" 200 361
[03/Jul/2026 13:40:17] "GET /api/admin/top-products/?days=30&limit=5 HTTP/1.1" 200 127
[03/Jul/2026 13:40:17] "GET /api/admin/orders/?page=1&page_size=6 HTTP/1.1" 200 474
[03/Jul/2026 13:40:17] "GET /api/admin/overview/?days=30 HTTP/1.1" 200 4653
Not Found: /api/carts/
[03/Jul/2026 13:40:17] "GET /api/carts/ HTTP/1.1" 404 68700
[03/Jul/2026 13:40:17] "GET /api/admin/finance/summary/ HTTP/1.1" 200 246
[03/Jul/2026 13:40:17] "GET /api/admin/sales/?days=30 HTTP/1.1" 200 257
[03/Jul/2026 13:40:17] "GET /api/admin/overview/?days=30 HTTP/1.1" 200 4653
Not Found: /api/carts/
[03/Jul/2026 13:42:53] "GET /api/carts/ HTTP/1.1" 404 68700
[03/Jul/2026 13:42:53] "GET /api/customer/me/ HTTP/1.1" 200 361
[03/Jul/2026 13:42:53] "GET /api/admin/top-products/?days=30&limit=5 HTTP/1.1" 200 127
[03/Jul/2026 13:42:53] "GET /api/admin/orders/?page=1&page_size=6 HTTP/1.1" 200 474
[03/Jul/2026 13:42:53] "GET /api/admin/finance/summary/ HTTP/1.1" 200 246
Not Found: /api/carts/
[03/Jul/2026 13:42:53] "GET /api/carts/ HTTP/1.1" 404 68700
[03/Jul/2026 13:42:53] "GET /api/customer/me/ HTTP/1.1" 200 361
[03/Jul/2026 13:42:53] "GET /api/admin/sales/?days=30 HTTP/1.1" 200 257
[03/Jul/2026 13:42:53] "GET /api/admin/top-products/?days=30&limit=5 HTTP/1.1" 200 127
Not Found: /api/carts/
[03/Jul/2026 13:42:53] "GET /api/carts/ HTTP/1.1" 404 68700
[03/Jul/2026 13:42:53] "GET /api/admin/orders/?page=1&page_size=6 HTTP/1.1" 200 474
[03/Jul/2026 13:42:53] "GET /api/admin/sales/?days=30 HTTP/1.1" 200 257
[03/Jul/2026 13:42:53] "GET /api/admin/overview/?days=30 HTTP/1.1" 200 4653
[03/Jul/2026 13:42:53] "GET /api/admin/finance/summary/ HTTP/1.1" 200 246
[03/Jul/2026 13:42:53] "GET /api/admin/overview/?days=30 HTTP/1.1" 200 4653
Not Found: /api/carts/
[03/Jul/2026 13:54:39] "GET /api/carts/ HTTP/1.1" 404 68699
[03/Jul/2026 13:54:39] "GET /api/customer/me/ HTTP/1.1" 200 361
[03/Jul/2026 13:54:39] "GET /api/admin/top-products/?days=30&limit=5 HTTP/1.1" 200 583
[03/Jul/2026 13:54:39] "GET /api/admin/finance/summary/ HTTP/1.1" 200 246
[03/Jul/2026 13:54:39] "GET /api/admin/orders/?page=1&page_size=6 HTTP/1.1" 200 3258
Not Found: /api/carts/
[03/Jul/2026 13:54:39] "GET /api/carts/ HTTP/1.1" 404 68700
[03/Jul/2026 13:54:39] "GET /api/admin/top-products/?days=30&limit=5 HTTP/1.1" 200 583
[03/Jul/2026 13:54:39] "GET /api/customer/me/ HTTP/1.1" 200 361
[03/Jul/2026 13:54:39] "GET /api/admin/sales/?days=30 HTTP/1.1" 200 1763
[03/Jul/2026 13:54:39] "GET /api/admin/finance/summary/ HTTP/1.1" 200 246
Not Found: /api/carts/
[03/Jul/2026 13:54:39] "GET /api/carts/ HTTP/1.1" 404 68700
[03/Jul/2026 13:54:39] "GET /api/admin/overview/?days=30 HTTP/1.1" 200 7511
[03/Jul/2026 13:54:39] "GET /api/admin/orders/?page=1&page_size=6 HTTP/1.1" 200 3258
[03/Jul/2026 13:54:39] "GET /api/admin/sales/?days=30 HTTP/1.1" 200 1763
[03/Jul/2026 13:54:39] "GET /api/admin/overview/?days=30 HTTP/1.1" 200 7511
Not Found: /api/carts/
Not Found: /api/api/categories/
[03/Jul/2026 13:54:58] "GET /api/carts/ HTTP/1.1" 404 68699
[03/Jul/2026 13:54:58] "GET /api/api/categories/ HTTP/1.1" 404 68735
Not Found: /api/api/categories/
[03/Jul/2026 13:54:58] "GET /api/api/categories/ HTTP/1.1" 404 68735
Not Found: /api/orders/
Not Found: /api/carts/
[03/Jul/2026 13:55:01] "GET /api/orders/?page=1 HTTP/1.1" 404 68718
[03/Jul/2026 13:55:01] "GET /api/carts/ HTTP/1.1" 404 68700
Not Found: /api/orders/
[03/Jul/2026 13:55:01] "GET /api/orders/?page=1 HTTP/1.1" 404 68717
Not Found: /api/orders/
[03/Jul/2026 13:55:04] "GET /api/orders/?page=1&status=pending HTTP/1.1" 404 68755
Not Found: /api/carts/
Not Found: /api/orders/
[03/Jul/2026 14:12:30] "GET /api/carts/ HTTP/1.1" 404 68699
[03/Jul/2026 14:12:30] "GET /api/orders/?page=1 HTTP/1.1" 404 68717
[03/Jul/2026 14:12:30] "GET /api/customer/me/ HTTP/1.1" 200 361
Not Found: /api/carts/
Not Found: /api/orders/
[03/Jul/2026 14:12:30] "GET /api/carts/ HTTP/1.1" 404 68699
[03/Jul/2026 14:12:30] "GET /api/orders/?page=1 HTTP/1.1" 404 68718
[03/Jul/2026 14:12:30] "GET /api/customer/me/ HTTP/1.1" 200 361
Not Found: /api/carts/
[03/Jul/2026 14:12:30] "GET /api/carts/ HTTP/1.1" 404 68699
Not Found: /api/carts/
Not Found: /api/api/categories/
[03/Jul/2026 14:12:32] "GET /api/carts/ HTTP/1.1" 404 68699
[03/Jul/2026 14:12:32] "GET /api/api/categories/ HTTP/1.1" 404 68735
Not Found: /api/api/categories/
[03/Jul/2026 14:12:32] "GET /api/api/categories/ HTTP/1.1" 404 68735
Not Found: /api/carts/
Not Found: /api/api/auth/users/
[03/Jul/2026 14:12:34] "GET /api/carts/ HTTP/1.1" 404 68699
[03/Jul/2026 14:12:34] "GET /api/api/auth/users/ HTTP/1.1" 404 68736
Not Found: /api/api/auth/users/
[03/Jul/2026 14:12:34] "GET /api/api/auth/users/ HTTP/1.1" 404 68735
Not Found: /api/api/categories/
Not Found: /api/carts/
[03/Jul/2026 14:12:35] "GET /api/api/categories/ HTTP/1.1" 404 68735
[03/Jul/2026 14:12:35] "GET /api/carts/ HTTP/1.1" 404 68700
Not Found: /api/api/categories/
[03/Jul/2026 14:12:35] "GET /api/api/categories/ HTTP/1.1" 404 68735
Not Found: /api/carts/
Not Found: /api/api/auth/users/
[03/Jul/2026 14:12:37] "GET /api/carts/ HTTP/1.1" 404 68699
[03/Jul/2026 14:12:37] "GET /api/api/auth/users/?is_staff=true HTTP/1.1" 404 68764
Not Found: /api/api/auth/users/
[03/Jul/2026 14:12:37] "GET /api/api/auth/users/?is_staff=true HTTP/1.1" 404 68763
Not Found: /api/carts/
Not Found: /api/api/coupons/
[03/Jul/2026 14:12:39] "GET /api/carts/ HTTP/1.1" 404 68700
[03/Jul/2026 14:12:39] "GET /api/api/coupons/ HTTP/1.1" 404 68724
Not Found: /api/api/coupons/
[03/Jul/2026 14:12:39] "GET /api/api/coupons/ HTTP/1.1" 404 68723
Not Found: /api/carts/
Not Found: /api/api/returns/
[03/Jul/2026 14:12:41] "GET /api/carts/ HTTP/1.1" 404 68700
[03/Jul/2026 14:12:41] "GET /api/api/returns/ HTTP/1.1" 404 68724
Not Found: /api/api/returns/
[03/Jul/2026 14:12:41] "GET /api/api/returns/ HTTP/1.1" 404 68723
Not Found: /api/carts/
Not Found: /api/api/notifications/
[03/Jul/2026 14:12:44] "GET /api/carts/ HTTP/1.1" 404 68700
[03/Jul/2026 14:12:44] "GET /api/api/notifications/ HTTP/1.1" 404 68748
Not Found: /api/api/notifications/
[03/Jul/2026 14:12:44] "GET /api/api/notifications/ HTTP/1.1" 404 68747
Not Found: /api/carts/
[03/Jul/2026 14:12:46] "GET /api/carts/ HTTP/1.1" 404 68699
Not Found: /api/carts/
Not Found: /api/api/notifications/
[03/Jul/2026 14:26:03] "GET /api/carts/ HTTP/1.1" 404 68700
[03/Jul/2026 14:26:03] "GET /api/api/notifications/ HTTP/1.1" 404 68748
Not Found: /api/api/notifications/
[03/Jul/2026 14:26:03] "GET /api/api/notifications/ HTTP/1.1" 404 68747
Not Found: /api/carts/
[03/Jul/2026 14:26:07] "GET /api/carts/ HTTP/1.1" 404 68699
[03/Jul/2026 14:26:07] "GET /api/products/?page=1&search= HTTP/1.1" 200 14817
[03/Jul/2026 14:26:07] "GET /api/products/?page=1&search= HTTP/1.1" 200 14817
Not Found: /api/api/categories/
Not Found: /api/carts/
[03/Jul/2026 14:26:09] "GET /api/api/categories/ HTTP/1.1" 404 68736
[03/Jul/2026 14:26:09] "GET /api/carts/ HTTP/1.1" 404 68700
Not Found: /api/api/categories/
[03/Jul/2026 14:26:09] "GET /api/api/categories/ HTTP/1.1" 404 68735
Not Found: /api/carts/
Not Found: /api/orders/
[03/Jul/2026 14:26:22] "GET /api/carts/ HTTP/1.1" 404 68699
[03/Jul/2026 14:26:22] "GET /api/orders/?page=1 HTTP/1.1" 404 68717
Not Found: /api/orders/
[03/Jul/2026 14:26:22] "GET /api/orders/?page=1 HTTP/1.1" 404 68717
Not Found: /api/carts/
Not Found: /api/api/admin_panel/users/
[03/Jul/2026 14:26:35] "GET /api/carts/ HTTP/1.1" 404 68699
[03/Jul/2026 14:26:35] "GET /api/api/admin_panel/users/ HTTP/1.1" 404 68763
Not Found: /api/api/admin_panel/users/
[03/Jul/2026 14:26:35] "GET /api/api/admin_panel/users/ HTTP/1.1" 404 68763
Not Found: /api/carts/
Not Found: /api/api/admin_panel/users/
[03/Jul/2026 14:26:37] "GET /api/carts/ HTTP/1.1" 404 68699
[03/Jul/2026 14:26:37] "GET /api/api/admin_panel/users/ HTTP/1.1" 404 68763
[03/Jul/2026 14:26:37] "GET /api/customer/me/ HTTP/1.1" 200 361
Not Found: /api/carts/
Not Found: /api/api/admin_panel/users/
[03/Jul/2026 14:26:37] "GET /api/carts/ HTTP/1.1" 404 68699
[03/Jul/2026 14:26:37] "GET /api/api/admin_panel/users/ HTTP/1.1" 404 68763
[03/Jul/2026 14:26:37] "GET /api/customer/me/ HTTP/1.1" 200 361
Not Found: /api/carts/
[03/Jul/2026 14:26:37] "GET /api/carts/ HTTP/1.1" 404 68699
Not Found: /api/carts/
Not Found: /api/api/admin_panel/users/
[03/Jul/2026 14:26:46] "GET /api/carts/ HTTP/1.1" 404 68699
[03/Jul/2026 14:26:46] "GET /api/api/admin_panel/users/?is_staff=true HTTP/1.1" 404 68792
Not Found: /api/api/admin_panel/users/
[03/Jul/2026 14:26:46] "GET /api/api/admin_panel/users/?is_staff=true HTTP/1.1" 404 68791
Not Found: /api/carts/
Not Found: /api/api/coupons/
[03/Jul/2026 14:26:55] "GET /api/carts/ HTTP/1.1" 404 68699
[03/Jul/2026 14:26:55] "GET /api/api/coupons/ HTTP/1.1" 404 68723
Not Found: /api/api/coupons/
[03/Jul/2026 14:26:55] "GET /api/api/coupons/ HTTP/1.1" 404 68724
Not Found: /api/api/finance/summary/
Not Found: /api/carts/
[03/Jul/2026 14:27:03] "GET /api/api/finance/summary/ HTTP/1.1" 404 68755
Not Found: /api/api/finance/transactions/
[03/Jul/2026 14:27:03] "GET /api/carts/ HTTP/1.1" 404 68700
[03/Jul/2026 14:27:03] "GET /api/api/finance/transactions/ HTTP/1.1" 404 68776
Not Found: /api/api/finance/summary/
Not Found: /api/api/finance/transactions/
[03/Jul/2026 14:27:03] "GET /api/api/finance/summary/ HTTP/1.1" 404 68755
[03/Jul/2026 14:27:03] "GET /api/api/finance/transactions/ HTTP/1.1" 404 68775
Not Found: /api/carts/
Not Found: /api/api/returns/
[03/Jul/2026 14:27:12] "GET /api/carts/ HTTP/1.1" 404 68700
[03/Jul/2026 14:27:12] "GET /api/api/returns/ HTTP/1.1" 404 68724
Not Found: /api/api/returns/
[03/Jul/2026 14:27:12] "GET /api/api/returns/ HTTP/1.1" 404 68723
Not Found: /api/api/notifications/
Not Found: /api/carts/
[03/Jul/2026 14:27:25] "GET /api/api/notifications/ HTTP/1.1" 404 68748
[03/Jul/2026 14:27:25] "GET /api/carts/ HTTP/1.1" 404 68700
Not Found: /api/api/notifications/
[03/Jul/2026 14:27:25] "GET /api/api/notifications/ HTTP/1.1" 404 68747
Not Found: /api/carts/
[03/Jul/2026 14:27:33] "GET /api/carts/ HTTP/1.1" 404 68699
Not Found: /api/carts/
Not Found: /api/api/cms/pages/
[03/Jul/2026 14:27:43] "GET /api/carts/ HTTP/1.1" 404 68700
[03/Jul/2026 14:27:43] "GET /api/api/cms/pages/ HTTP/1.1" 404 68732
Not Found: /api/api/cms/pages/
[03/Jul/2026 14:27:43] "GET /api/api/cms/pages/ HTTP/1.1" 404 68731
Not Found: /api/carts/
Not Found: /api/api/admin_panel/users/
[03/Jul/2026 14:31:16] "GET /api/carts/ HTTP/1.1" 404 68700
[03/Jul/2026 14:31:16] "GET /api/api/admin_panel/users/?is_staff=true HTTP/1.1" 404 68792
Not Found: /api/api/admin_panel/users/
[03/Jul/2026 14:31:16] "GET /api/api/admin_panel/users/?is_staff=true HTTP/1.1" 404 68791
Not Found: /api/carts/
Not Found: /api/api/coupons/
[03/Jul/2026 14:31:25] "GET /api/carts/ HTTP/1.1" 404 68699
[03/Jul/2026 14:31:25] "GET /api/api/coupons/ HTTP/1.1" 404 68723
Not Found: /api/api/coupons/
[03/Jul/2026 14:31:25] "GET /api/api/coupons/ HTTP/1.1" 404 68723
Not Found: /api/api/finance/transactions/
Not Found: /api/carts/
Not Found: /api/api/finance/summary/
[03/Jul/2026 14:31:33] "GET /api/api/finance/transactions/ HTTP/1.1" 404 68775
[03/Jul/2026 14:31:33] "GET /api/carts/ HTTP/1.1" 404 68700
[03/Jul/2026 14:31:33] "GET /api/api/finance/summary/ HTTP/1.1" 404 68756
Not Found: /api/api/finance/transactions/
Not Found: /api/api/finance/summary/
[03/Jul/2026 14:31:33] "GET /api/api/finance/transactions/ HTTP/1.1" 404 68775
[03/Jul/2026 14:31:33] "GET /api/api/finance/summary/ HTTP/1.1" 404 68755
Not Found: /api/carts/
Not Found: /api/api/returns/
[03/Jul/2026 14:31:45] "GET /api/carts/ HTTP/1.1" 404 68699
[03/Jul/2026 14:31:45] "GET /api/api/returns/ HTTP/1.1" 404 68723
Not Found: /api/api/returns/
[03/Jul/2026 14:31:45] "GET /api/api/returns/ HTTP/1.1" 404 68723
Not Found: /api/carts/
Not Found: /api/api/shipping/rates/
[03/Jul/2026 14:31:57] "GET /api/carts/ HTTP/1.1" 404 68700
[03/Jul/2026 14:31:57] "GET /api/api/shipping/rates/ HTTP/1.1" 404 68752
Not Found: /api/api/shipping/rates/
[03/Jul/2026 14:31:57] "GET /api/api/shipping/rates/ HTTP/1.1" 404 68751
Not Found: /api/api/wishlists/
Not Found: /api/carts/
[03/Jul/2026 14:32:07] "GET /api/api/wishlists/ HTTP/1.1" 404 68732
[03/Jul/2026 14:32:07] "GET /api/carts/ HTTP/1.1" 404 68700
Not Found: /api/api/wishlists/
[03/Jul/2026 14:32:07] "GET /api/api/wishlists/ HTTP/1.1" 404 68731
Not Found: /api/carts/
Not Found: /api/orders/
[03/Jul/2026 14:32:08] "GET /api/carts/ HTTP/1.1" 404 68700
[03/Jul/2026 14:32:08] "GET /api/orders/?page=1 HTTP/1.1" 404 68718
Not Found: /api/orders/
[03/Jul/2026 14:32:08] "GET /api/orders/?page=1 HTTP/1.1" 404 68717
Not Found: /api/carts/
Not Found: /api/api/wishlists/
[03/Jul/2026 14:32:10] "GET /api/carts/ HTTP/1.1" 404 68699
[03/Jul/2026 14:32:10] "GET /api/api/wishlists/ HTTP/1.1" 404 68731
Not Found: /api/api/wishlists/
[03/Jul/2026 14:32:10] "GET /api/api/wishlists/ HTTP/1.1" 404 68731
Not Found: /api/carts/
Not Found: /api/api/analytics/overview/
[03/Jul/2026 14:32:21] "GET /api/carts/ HTTP/1.1" 404 68699
[03/Jul/2026 14:32:21] "GET /api/api/analytics/overview/ HTTP/1.1" 404 68767
Not Found: /api/api/analytics/overview/
[03/Jul/2026 14:32:21] "GET /api/api/analytics/overview/ HTTP/1.1" 404 68767
Not Found: /api/api/content/homepage/
Not Found: /api/carts/
[03/Jul/2026 14:32:34] "GET /api/api/content/homepage/ HTTP/1.1" 404 68759
[03/Jul/2026 14:32:34] "GET /api/carts/ HTTP/1.1" 404 68699
Not Found: /api/api/content/homepage/
[03/Jul/2026 14:32:34] "GET /api/api/content/homepage/ HTTP/1.1" 404 68759
Not Found: /api/carts/
Not Found: /api/api/analytics/overview/
[03/Jul/2026 14:32:52] "GET /api/carts/ HTTP/1.1" 404 68700
[03/Jul/2026 14:32:52] "GET /api/api/analytics/overview/ HTTP/1.1" 404 68768
Not Found: /api/api/analytics/overview/
[03/Jul/2026 14:32:52] "GET /api/api/analytics/overview/ HTTP/1.1" 404 68767
Not Found: /api/carts/
Not Found: /api/api/appearance/theme/
[03/Jul/2026 14:33:07] "GET /api/carts/ HTTP/1.1" 404 68700
[03/Jul/2026 14:33:07] "GET /api/api/appearance/theme/ HTTP/1.1" 404 68760
Not Found: /api/api/appearance/theme/
[03/Jul/2026 14:33:07] "GET /api/api/appearance/theme/ HTTP/1.1" 404 68759
Bad Request: /api/auth/jwt/create/
[03/Jul/2026 14:40:05] "POST /api/auth/jwt/create/ HTTP/1.1" 400 96
Not Found: /api/returns/
[03/Jul/2026 14:40:07] "GET /api/returns/ HTTP/1.1" 404 68707
Not Found: /api/carts/
[03/Jul/2026 15:06:33] "GET /api/carts/ HTTP/1.1" 404 68699
Not Found: /api/api/appearance/theme/
[03/Jul/2026 15:06:33] "GET /api/api/appearance/theme/ HTTP/1.1" 404 68759
[03/Jul/2026 15:06:33] "GET /api/customer/me/ HTTP/1.1" 200 361
Not Found: /api/carts/
Not Found: /api/api/appearance/theme/
[03/Jul/2026 15:06:33] "GET /api/carts/ HTTP/1.1" 404 68699
[03/Jul/2026 15:06:33] "GET /api/api/appearance/theme/ HTTP/1.1" 404 68759
[03/Jul/2026 15:06:33] "GET /api/customer/me/ HTTP/1.1" 200 361
Not Found: /api/carts/
[03/Jul/2026 15:06:33] "GET /api/carts/ HTTP/1.1" 404 68699
Not Found: /api/appearance/appearance/
[03/Jul/2026 15:38:30] "GET /api/appearance/appearance/ HTTP/1.1" 404 68763
Not Found: /api/appearance/appearance/
[03/Jul/2026 15:38:30] "GET /api/appearance/appearance/ HTTP/1.1" 404 68763
Not Found: /api/finance/finance/summary/
[03/Jul/2026 16:02:47] "GET /api/finance/finance/summary/ HTTP/1.1" 404 68771
Not Found: /api/finance/finance/summary/
[03/Jul/2026 16:02:51] "GET /api/finance/finance/summary/ HTTP/1.1" 404 68771
Not Found: /api/auth/login/
[03/Jul/2026 16:02:57] "GET /api/auth/login/ HTTP/1.1" 404 86509
Not Found: /api/auth/login/
[03/Jul/2026 16:02:57] "POST /api/auth/login/ HTTP/1.1" 404 86510
Unauthorized: /api/auth/jwt/create/
[03/Jul/2026 16:03:14] "POST /api/auth/jwt/create/ HTTP/1.1" 401 157
Not Found: /api/finance/summary/
[03/Jul/2026 16:03:14] "GET /api/finance/summary/ HTTP/1.1" 404 68739
Not Found: /api/finance/expenses/
[03/Jul/2026 16:03:14] "GET /api/finance/expenses/ HTTP/1.1" 404 68743
Not Found: /api/finance/transactions/
[03/Jul/2026 16:03:14] "GET /api/finance/transactions/ HTTP/1.1" 404 68759
Unauthorized: /api/customer/wishlists/
[03/Jul/2026 16:03:14] "GET /api/customer/wishlists/ HTTP/1.1" 401 147
Unauthorized: /api/admin/products/
[03/Jul/2026 16:03:14,585] - Broken pipe from ('127.0.0.1', 9418)
Unauthorized: /api/auth/jwt/create/
[03/Jul/2026 16:03:27] "POST /api/auth/jwt/create/ HTTP/1.1" 401 157
Not Found: /api/finance/summary/
[03/Jul/2026 16:03:28] "GET /api/finance/summary/ HTTP/1.1" 404 68739
Not Found: /api/finance/expenses/
[03/Jul/2026 16:03:28] "GET /api/finance/expenses/ HTTP/1.1" 404 68743
Not Found: /api/finance/transactions/
[03/Jul/2026 16:03:28] "GET /api/finance/transactions/ HTTP/1.1" 404 68759
Unauthorized: /api/customer/wishlists/
[03/Jul/2026 16:03:28] "GET /api/customer/wishlists/ HTTP/1.1" 401 147
Unauthorized: /api/admin/products/
[03/Jul/2026 16:03:28] "GET /api/admin/products/ HTTP/1.1" 401 147
[03/Jul/2026 16:04:00] "POST /api/auth/jwt/create/ HTTP/1.1" 200 534
Not Found: /api/finance/summary/
[03/Jul/2026 16:04:00] "GET /api/finance/summary/ HTTP/1.1" 404 68739
Not Found: /api/finance/expenses/
[03/Jul/2026 16:04:00] "GET /api/finance/expenses/ HTTP/1.1" 404 68743
Not Found: /api/finance/transactions/
[03/Jul/2026 16:04:01] "GET /api/finance/transactions/ HTTP/1.1" 404 68759
Unauthorized: /api/customer/wishlists/
[03/Jul/2026 16:04:01] "GET /api/customer/wishlists/ HTTP/1.1" 401 147
Unauthorized: /api/admin/products/
[03/Jul/2026 16:04:01] "GET /api/admin/products/ HTTP/1.1" 401 147
Unauthorized: /api/admin/orders/
[03/Jul/2026 16:04:01] "GET /api/admin/orders/ HTTP/1.1" 401 147
Not Found: /api/analytics/overview/
[03/Jul/2026 16:04:01] "GET /api/analytics/overview/ HTTP/1.1" 404 68751
Not Found: /api/marketing/banners/
[03/Jul/2026 16:04:01] "GET /api/marketing/banners/ HTTP/1.1" 404 68747
Not Found: /api/marketing/campaigns/
[03/Jul/2026 16:04:01] "GET /api/marketing/campaigns/ HTTP/1.1" 404 68755
Not Found: /api/marketing/newsletter/
[03/Jul/2026 16:04:01] "GET /api/marketing/newsletter/ HTTP/1.1" 404 68759
Not Found: /api/cms/pages/
[03/Jul/2026 16:04:01] "GET /api/cms/pages/ HTTP/1.1" 404 68715
Internal Server Error: /api/store/settings/
Traceback (most recent call last):
  File "D:\KnowledgeVault\Project\DeshiCart\.venv\Lib\site-packages\django\core\handlers\exception.py", line 55, in inner
    response = get_response(request)
  File "D:\KnowledgeVault\Project\DeshiCart\.venv\Lib\site-packages\django\core\handlers\base.py", line 198, in _get_response
    response = wrapped_callback(request, *callback_args, **callback_kwargs)
  File "D:\KnowledgeVault\Project\DeshiCart\.venv\Lib\site-packages\django\views\decorators\csrf.py", line 65, in _view_wrapper
    return view_func(request, *args, **kwargs)
  File "D:\KnowledgeVault\Project\DeshiCart\.venv\Lib\site-packages\rest_framework\viewsets.py", line 125, in view
    return self.dispatch(request, *args, **kwargs)
           ~~~~~~~~~~~~~^^^^^^^^^^^^^^^^^^^^^^^^^^
  File "D:\KnowledgeVault\Project\DeshiCart\.venv\Lib\site-packages\rest_framework\views.py", line 515, in dispatch
    response = self.handle_exception(exc)
  File "D:\KnowledgeVault\Project\DeshiCart\.venv\Lib\site-packages\rest_framework\views.py", line 475, in handle_exception
    self.raise_uncaught_exception(exc)
    ~~~~~~~~~~~~~~~~~~~~~~~~~~~~~^^^^^
  File "D:\KnowledgeVault\Project\DeshiCart\.venv\Lib\site-packages\rest_framework\views.py", line 486, in raise_uncaught_exception
    raise exc
  File "D:\KnowledgeVault\Project\DeshiCart\.venv\Lib\site-packages\rest_framework\views.py", line 512, in dispatch
    response = handler(request, *args, **kwargs)
  File "D:\KnowledgeVault\Project\DeshiCart\storesettings\views.py", line 57, in list
    return api_response(StoreSettingsSerializer(_get_singleton()).data)
                        ^^^^^^^^^^^^^^^^^^^^^^^^^^^^^^^^^^^^^^^^^^^^^^
  File "D:\KnowledgeVault\Project\DeshiCart\.venv\Lib\site-packages\rest_framework\serializers.py", line 585, in data
    ret = super().data
          ^^^^^^^^^^^^
  File "D:\KnowledgeVault\Project\DeshiCart\.venv\Lib\site-packages\rest_framework\serializers.py", line 251, in data
    self._data = self.to_representation(self.instance)
                 ~~~~~~~~~~~~~~~~~~~~~~^^^^^^^^^^^^^^^
  File "D:\KnowledgeVault\Project\DeshiCart\.venv\Lib\site-packages\rest_framework\serializers.py", line 537, in to_representation
    for field in fields:
                 ^^^^^^
  File "D:\KnowledgeVault\Project\DeshiCart\.venv\Lib\site-packages\rest_framework\serializers.py", line 398, in _readable_fields
    for field in self.fields.values():
                 ^^^^^^^^^^^
  File "D:\KnowledgeVault\Project\DeshiCart\.venv\Lib\site-packages\django\utils\functional.py", line 47, in __get__
    res = instance.__dict__[self.name] = self.func(instance)
                                         ~~~~~~~~~^^^^^^^^^^
  File "D:\KnowledgeVault\Project\DeshiCart\.venv\Lib\site-packages\rest_framework\serializers.py", line 386, in fields
    for key, value in self.get_fields().items():
                      ~~~~~~~~~~~~~~~^^
  File "D:\KnowledgeVault\Project\DeshiCart\.venv\Lib\site-packages\rest_framework\serializers.py", line 1132, in get_fields
    field_class, field_kwargs = self.build_field(
                                ~~~~~~~~~~~~~~~~^
        source, info, model, depth
        ^^^^^^^^^^^^^^^^^^^^^^^^^^
    )
    ^
  File "D:\KnowledgeVault\Project\DeshiCart\.venv\Lib\site-packages\rest_framework\serializers.py", line 1278, in build_field
    return self.build_unknown_field(field_name, model_class)
           ~~~~~~~~~~~~~~~~~~~~~~~~^^^^^^^^^^^^^^^^^^^^^^^^^
  File "D:\KnowledgeVault\Project\DeshiCart\.venv\Lib\site-packages\rest_framework\serializers.py", line 1396, in build_unknown_field
    raise ImproperlyConfigured(
    ...<2 lines>...
    )
django.core.exceptions.ImproperlyConfigured: Field name `site_name` is not valid for model `StoreSettings` in `storesettings.serializers.StoreSettingsSerializer`.
[03/Jul/2026 16:04:01] "GET /api/store/settings/ HTTP/1.1" 500 159217
Not Found: /api/appearance/appearance/
[03/Jul/2026 16:04:01] "GET /api/appearance/appearance/ HTTP/1.1" 404 68763
Not Found: /api/reports/sales/
[03/Jul/2026 16:04:01] "GET /api/reports/sales/ HTTP/1.1" 404 68731
Not Found: /api/notifications/
[03/Jul/2026 16:04:01] "GET /api/notifications/ HTTP/1.1" 404 68731
Not Found: /api/returns/
[03/Jul/2026 16:04:01] "GET /api/returns/ HTTP/1.1" 404 68707
Not Found: /api/support/tickets/
[03/Jul/2026 16:04:01] "GET /api/support/tickets/ HTTP/1.1" 404 68739
Not Found: /api/shipping/rates/
[03/Jul/2026 16:04:01] "GET /api/shipping/rates/ HTTP/1.1" 404 68735
Not Found: /api/coupons/
[03/Jul/2026 16:04:01] "GET /api/coupons/ HTTP/1.1" 404 68707
Internal Server Error: /api/content/home/
Traceback (most recent call last):
  File "D:\KnowledgeVault\Project\DeshiCart\.venv\Lib\site-packages\django\core\handlers\exception.py", line 55, in inner
    response = get_response(request)
  File "D:\KnowledgeVault\Project\DeshiCart\.venv\Lib\site-packages\django\core\handlers\base.py", line 198, in _get_response
    response = wrapped_callback(request, *callback_args, **callback_kwargs)
  File "D:\KnowledgeVault\Project\DeshiCart\.venv\Lib\site-packages\django\views\decorators\csrf.py", line 65, in _view_wrapper
    return view_func(request, *args, **kwargs)
  File "D:\KnowledgeVault\Project\DeshiCart\.venv\Lib\site-packages\django\views\generic\base.py", line 106, in view
    return self.dispatch(request, *args, **kwargs)
           ~~~~~~~~~~~~~^^^^^^^^^^^^^^^^^^^^^^^^^^
  File "D:\KnowledgeVault\Project\DeshiCart\.venv\Lib\site-packages\rest_framework\views.py", line 515, in dispatch
    response = self.handle_exception(exc)
  File "D:\KnowledgeVault\Project\DeshiCart\.venv\Lib\site-packages\rest_framework\views.py", line 475, in handle_exception
    self.raise_uncaught_exception(exc)
    ~~~~~~~~~~~~~~~~~~~~~~~~~~~~~^^^^^
  File "D:\KnowledgeVault\Project\DeshiCart\.venv\Lib\site-packages\rest_framework\views.py", line 486, in raise_uncaught_exception
    raise exc
  File "D:\KnowledgeVault\Project\DeshiCart\.venv\Lib\site-packages\rest_framework\views.py", line 512, in dispatch
    response = handler(request, *args, **kwargs)
  File "D:\KnowledgeVault\Project\DeshiCart\content\views.py", line 15, in get
    Page.objects.filter(status="published").values("id", "title", "slug")[:20]
    ~~~~~~~~~~~~~~~~~~~^^^^^^^^^^^^^^^^^^^^
  File "D:\KnowledgeVault\Project\DeshiCart\.venv\Lib\site-packages\django\db\models\manager.py", line 87, in manager_method
    return getattr(self.get_queryset(), name)(*args, **kwargs)
           ~~~~~~~~~~~~~~~~~~~~~~~~~~~~~~~~~~^^^^^^^^^^^^^^^^^
  File "D:\KnowledgeVault\Project\DeshiCart\.venv\Lib\site-packages\django\db\models\query.py", line 1542, in filter
    return self._filter_or_exclude(False, args, kwargs)
           ~~~~~~~~~~~~~~~~~~~~~~~^^^^^^^^^^^^^^^^^^^^^
  File "D:\KnowledgeVault\Project\DeshiCart\.venv\Lib\site-packages\django\db\models\query.py", line 1560, in _filter_or_exclude
    clone._filter_or_exclude_inplace(negate, args, kwargs)
    ~~~~~~~~~~~~~~~~~~~~~~~~~~~~~~~~^^^^^^^^^^^^^^^^^^^^^^
  File "D:\KnowledgeVault\Project\DeshiCart\.venv\Lib\site-packages\django\db\models\query.py", line 1570, in _filter_or_exclude_inplace
    self._query.add_q(Q(*args, **kwargs))
    ~~~~~~~~~~~~~~~~~^^^^^^^^^^^^^^^^^^^^
  File "D:\KnowledgeVault\Project\DeshiCart\.venv\Lib\site-packages\django\db\models\sql\query.py", line 1676, in add_q
    clause, _ = self._add_q(q_object, can_reuse)
                ~~~~~~~~~~~^^^^^^^^^^^^^^^^^^^^^
  File "D:\KnowledgeVault\Project\DeshiCart\.venv\Lib\site-packages\django\db\models\sql\query.py", line 1708, in _add_q
    child_clause, needed_inner = self.build_filter(
                                 ~~~~~~~~~~~~~~~~~^
        child,
        ^^^^^^
    ...<7 lines>...
        update_join_types=update_join_types,
        ^^^^^^^^^^^^^^^^^^^^^^^^^^^^^^^^^^^^
    )
    ^
  File "D:\KnowledgeVault\Project\DeshiCart\.venv\Lib\site-packages\django\db\models\sql\query.py", line 1556, in build_filter
    lookups, parts, reffed_expression = self.solve_lookup_type(arg, summarize)
                                        ~~~~~~~~~~~~~~~~~~~~~~^^^^^^^^^^^^^^^^
  File "D:\KnowledgeVault\Project\DeshiCart\.venv\Lib\site-packages\django\db\models\sql\query.py", line 1363, in solve_lookup_type
    _, field, _, lookup_parts = self.names_to_path(lookup_splitted, self.get_meta())
                                ~~~~~~~~~~~~~~~~~~^^^^^^^^^^^^^^^^^^^^^^^^^^^^^^^^^^
  File "D:\KnowledgeVault\Project\DeshiCart\.venv\Lib\site-packages\django\db\models\sql\query.py", line 1842, in names_to_path
    raise FieldError(
    ...<2 lines>...
    )
django.core.exceptions.FieldError: Cannot resolve keyword 'status' into field. Choices are: body, created_at, id, is_published, meta_description, meta_title, slug, title, updated_at
[03/Jul/2026 16:04:02] "GET /api/content/home/ HTTP/1.1" 500 156380
[03/Jul/2026 16:04:11] "POST /api/auth/jwt/create/ HTTP/1.1" 200 534
[03/Jul/2026 16:04:17] "GET /api/ HTTP/1.1" 200 628
[03/Jul/2026 16:04:45] "POST /api/auth/jwt/create/ HTTP/1.1" 200 534
Not Found: /api/finance/summary/
[03/Jul/2026 16:04:45] "GET /api/finance/summary/ HTTP/1.1" 404 68739
Not Found: /api/finance/expenses/
[03/Jul/2026 16:04:45] "GET /api/finance/expenses/ HTTP/1.1" 404 68743
Not Found: /api/finance/transactions/
[03/Jul/2026 16:04:45] "GET /api/finance/transactions/ HTTP/1.1" 404 68759
Not Found: /api/customer/wishlists/
[03/Jul/2026 16:04:45] "GET /api/customer/wishlists/ HTTP/1.1" 404 77
[03/Jul/2026 16:04:45] "GET /api/admin/products/ HTTP/1.1" 200 14595
[03/Jul/2026 16:04:45] "GET /api/admin/orders/ HTTP/1.1" 200 11407
Not Found: /api/analytics/overview/
[03/Jul/2026 16:04:45] "GET /api/analytics/overview/ HTTP/1.1" 404 68751
Not Found: /api/analytics/top-products/
[03/Jul/2026 16:04:45] "GET /api/analytics/top-products/ HTTP/1.1" 404 68767
Not Found: /api/marketing/banners/
[03/Jul/2026 16:04:45] "GET /api/marketing/banners/ HTTP/1.1" 404 68747
Not Found: /api/marketing/campaigns/
[03/Jul/2026 16:04:45] "GET /api/marketing/campaigns/ HTTP/1.1" 404 68755
Not Found: /api/marketing/newsletter/
[03/Jul/2026 16:04:46] "GET /api/marketing/newsletter/ HTTP/1.1" 404 68759
Not Found: /api/cms/pages/
[03/Jul/2026 16:04:46] "GET /api/cms/pages/ HTTP/1.1" 404 68715
Internal Server Error: /api/store/settings/
Traceback (most recent call last):
  File "D:\KnowledgeVault\Project\DeshiCart\.venv\Lib\site-packages\django\core\handlers\exception.py", line 55, in inner
    response = get_response(request)
  File "D:\KnowledgeVault\Project\DeshiCart\.venv\Lib\site-packages\django\core\handlers\base.py", line 198, in _get_response
    response = wrapped_callback(request, *callback_args, **callback_kwargs)
  File "D:\KnowledgeVault\Project\DeshiCart\.venv\Lib\site-packages\django\views\decorators\csrf.py", line 65, in _view_wrapper
    return view_func(request, *args, **kwargs)
  File "D:\KnowledgeVault\Project\DeshiCart\.venv\Lib\site-packages\rest_framework\viewsets.py", line 125, in view
    return self.dispatch(request, *args, **kwargs)
           ~~~~~~~~~~~~~^^^^^^^^^^^^^^^^^^^^^^^^^^
  File "D:\KnowledgeVault\Project\DeshiCart\.venv\Lib\site-packages\rest_framework\views.py", line 515, in dispatch
    response = self.handle_exception(exc)
  File "D:\KnowledgeVault\Project\DeshiCart\.venv\Lib\site-packages\rest_framework\views.py", line 475, in handle_exception
    self.raise_uncaught_exception(exc)
    ~~~~~~~~~~~~~~~~~~~~~~~~~~~~~^^^^^
  File "D:\KnowledgeVault\Project\DeshiCart\.venv\Lib\site-packages\rest_framework\views.py", line 486, in raise_uncaught_exception
    raise exc
  File "D:\KnowledgeVault\Project\DeshiCart\.venv\Lib\site-packages\rest_framework\views.py", line 512, in dispatch
    response = handler(request, *args, **kwargs)
  File "D:\KnowledgeVault\Project\DeshiCart\storesettings\views.py", line 57, in list
    return api_response(StoreSettingsSerializer(_get_singleton()).data)
                        ^^^^^^^^^^^^^^^^^^^^^^^^^^^^^^^^^^^^^^^^^^^^^^
  File "D:\KnowledgeVault\Project\DeshiCart\.venv\Lib\site-packages\rest_framework\serializers.py", line 585, in data
    ret = super().data
          ^^^^^^^^^^^^
  File "D:\KnowledgeVault\Project\DeshiCart\.venv\Lib\site-packages\rest_framework\serializers.py", line 251, in data
    self._data = self.to_representation(self.instance)
                 ~~~~~~~~~~~~~~~~~~~~~~^^^^^^^^^^^^^^^
  File "D:\KnowledgeVault\Project\DeshiCart\.venv\Lib\site-packages\rest_framework\serializers.py", line 537, in to_representation
    for field in fields:
                 ^^^^^^
  File "D:\KnowledgeVault\Project\DeshiCart\.venv\Lib\site-packages\rest_framework\serializers.py", line 398, in _readable_fields
    for field in self.fields.values():
                 ^^^^^^^^^^^
  File "D:\KnowledgeVault\Project\DeshiCart\.venv\Lib\site-packages\django\utils\functional.py", line 47, in __get__
    res = instance.__dict__[self.name] = self.func(instance)
                                         ~~~~~~~~~^^^^^^^^^^
  File "D:\KnowledgeVault\Project\DeshiCart\.venv\Lib\site-packages\rest_framework\serializers.py", line 386, in fields
    for key, value in self.get_fields().items():
                      ~~~~~~~~~~~~~~~^^
  File "D:\KnowledgeVault\Project\DeshiCart\.venv\Lib\site-packages\rest_framework\serializers.py", line 1132, in get_fields
    field_class, field_kwargs = self.build_field(
                                ~~~~~~~~~~~~~~~~^
        source, info, model, depth
        ^^^^^^^^^^^^^^^^^^^^^^^^^^
    )
    ^
  File "D:\KnowledgeVault\Project\DeshiCart\.venv\Lib\site-packages\rest_framework\serializers.py", line 1278, in build_field
    return self.build_unknown_field(field_name, model_class)
           ~~~~~~~~~~~~~~~~~~~~~~~~^^^^^^^^^^^^^^^^^^^^^^^^^
  File "D:\KnowledgeVault\Project\DeshiCart\.venv\Lib\site-packages\rest_framework\serializers.py", line 1396, in build_unknown_field
    raise ImproperlyConfigured(
    ...<2 lines>...
    )
django.core.exceptions.ImproperlyConfigured: Field name `site_name` is not valid for model `StoreSettings` in `storesettings.serializers.StoreSettingsSerializer`.
[03/Jul/2026 16:04:46] "GET /api/store/settings/ HTTP/1.1" 500 159372
Not Found: /api/appearance/appearance/
[03/Jul/2026 16:04:46] "GET /api/appearance/appearance/ HTTP/1.1" 404 68763
Not Found: /api/reports/sales/
[03/Jul/2026 16:04:46] "GET /api/reports/sales/ HTTP/1.1" 404 68731
Not Found: /api/reports/inventory/
[03/Jul/2026 16:04:46] "GET /api/reports/inventory/ HTTP/1.1" 404 68747
Not Found: /api/reports/customers/
[03/Jul/2026 16:04:46] "GET /api/reports/customers/ HTTP/1.1" 404 68747
Not Found: /api/notifications/notifications/
[03/Jul/2026 16:04:46] "GET /api/notifications/notifications/ HTTP/1.1" 404 68787
Not Found: /api/returns/returns/
[03/Jul/2026 16:04:46] "GET /api/returns/returns/ HTTP/1.1" 404 68739
Not Found: /api/support/tickets/
[03/Jul/2026 16:04:46] "GET /api/support/tickets/ HTTP/1.1" 404 68739
Not Found: /api/shipping/rates/
[03/Jul/2026 16:04:46] "GET /api/shipping/rates/ HTTP/1.1" 404 68735
Not Found: /api/coupons/coupons/
[03/Jul/2026 16:04:46] "GET /api/coupons/coupons/ HTTP/1.1" 404 68739
Internal Server Error: /api/content/home/
Traceback (most recent call last):
  File "D:\KnowledgeVault\Project\DeshiCart\.venv\Lib\site-packages\django\core\handlers\exception.py", line 55, in inner
    response = get_response(request)
  File "D:\KnowledgeVault\Project\DeshiCart\.venv\Lib\site-packages\django\core\handlers\base.py", line 198, in _get_response
    response = wrapped_callback(request, *callback_args, **callback_kwargs)
  File "D:\KnowledgeVault\Project\DeshiCart\.venv\Lib\site-packages\django\views\decorators\csrf.py", line 65, in _view_wrapper
    return view_func(request, *args, **kwargs)
  File "D:\KnowledgeVault\Project\DeshiCart\.venv\Lib\site-packages\django\views\generic\base.py", line 106, in view
    return self.dispatch(request, *args, **kwargs)
           ~~~~~~~~~~~~~^^^^^^^^^^^^^^^^^^^^^^^^^^
  File "D:\KnowledgeVault\Project\DeshiCart\.venv\Lib\site-packages\rest_framework\views.py", line 515, in dispatch
    response = self.handle_exception(exc)
  File "D:\KnowledgeVault\Project\DeshiCart\.venv\Lib\site-packages\rest_framework\views.py", line 475, in handle_exception
    self.raise_uncaught_exception(exc)
    ~~~~~~~~~~~~~~~~~~~~~~~~~~~~~^^^^^
  File "D:\KnowledgeVault\Project\DeshiCart\.venv\Lib\site-packages\rest_framework\views.py", line 486, in raise_uncaught_exception
    raise exc
  File "D:\KnowledgeVault\Project\DeshiCart\.venv\Lib\site-packages\rest_framework\views.py", line 512, in dispatch
    response = handler(request, *args, **kwargs)
  File "D:\KnowledgeVault\Project\DeshiCart\content\views.py", line 15, in get
    Page.objects.filter(status="published").values("id", "title", "slug")[:20]
    ~~~~~~~~~~~~~~~~~~~^^^^^^^^^^^^^^^^^^^^
  File "D:\KnowledgeVault\Project\DeshiCart\.venv\Lib\site-packages\django\db\models\manager.py", line 87, in manager_method
    return getattr(self.get_queryset(), name)(*args, **kwargs)
           ~~~~~~~~~~~~~~~~~~~~~~~~~~~~~~~~~~^^^^^^^^^^^^^^^^^
  File "D:\KnowledgeVault\Project\DeshiCart\.venv\Lib\site-packages\django\db\models\query.py", line 1542, in filter
    return self._filter_or_exclude(False, args, kwargs)
           ~~~~~~~~~~~~~~~~~~~~~~~^^^^^^^^^^^^^^^^^^^^^
  File "D:\KnowledgeVault\Project\DeshiCart\.venv\Lib\site-packages\django\db\models\query.py", line 1560, in _filter_or_exclude
    clone._filter_or_exclude_inplace(negate, args, kwargs)
    ~~~~~~~~~~~~~~~~~~~~~~~~~~~~~~~~^^^^^^^^^^^^^^^^^^^^^^
  File "D:\KnowledgeVault\Project\DeshiCart\.venv\Lib\site-packages\django\db\models\query.py", line 1570, in _filter_or_exclude_inplace
    self._query.add_q(Q(*args, **kwargs))
    ~~~~~~~~~~~~~~~~~^^^^^^^^^^^^^^^^^^^^
  File "D:\KnowledgeVault\Project\DeshiCart\.venv\Lib\site-packages\django\db\models\sql\query.py", line 1676, in add_q
    clause, _ = self._add_q(q_object, can_reuse)
                ~~~~~~~~~~~^^^^^^^^^^^^^^^^^^^^^
  File "D:\KnowledgeVault\Project\DeshiCart\.venv\Lib\site-packages\django\db\models\sql\query.py", line 1708, in _add_q
    child_clause, needed_inner = self.build_filter(
                                 ~~~~~~~~~~~~~~~~~^
        child,
        ^^^^^^
    ...<7 lines>...
        update_join_types=update_join_types,
        ^^^^^^^^^^^^^^^^^^^^^^^^^^^^^^^^^^^^
    )
    ^
  File "D:\KnowledgeVault\Project\DeshiCart\.venv\Lib\site-packages\django\db\models\sql\query.py", line 1556, in build_filter
    lookups, parts, reffed_expression = self.solve_lookup_type(arg, summarize)
                                        ~~~~~~~~~~~~~~~~~~~~~~^^^^^^^^^^^^^^^^
  File "D:\KnowledgeVault\Project\DeshiCart\.venv\Lib\site-packages\django\db\models\sql\query.py", line 1363, in solve_lookup_type
    _, field, _, lookup_parts = self.names_to_path(lookup_splitted, self.get_meta())
                                ~~~~~~~~~~~~~~~~~~^^^^^^^^^^^^^^^^^^^^^^^^^^^^^^^^^^
  File "D:\KnowledgeVault\Project\DeshiCart\.venv\Lib\site-packages\django\db\models\sql\query.py", line 1842, in names_to_path
    raise FieldError(
    ...<2 lines>...
    )
django.core.exceptions.FieldError: Cannot resolve keyword 'status' into field. Choices are: body, created_at, id, is_published, meta_description, meta_title, slug, title, updated_at
[03/Jul/2026 16:04:46] "GET /api/content/home/ HTTP/1.1" 500 156536
